2024-10-17 17:44:58,362 - fl_main - INFO - data divide is iid
2024-10-17 17:44:59,676 - fed_utils - INFO - generating secret number and splitting it ...
2024-10-17 17:44:59,676 - fed_utils - INFO - secret_number : 3612.000000
2024-10-17 17:44:59,676 - fed_utils - INFO - client_dict[f_00000].share : 36.000000
2024-10-17 17:44:59,677 - fed_utils - INFO - client_dict[f_00001].share : 1910.000000
2024-10-17 17:44:59,677 - fed_utils - INFO - client_dict[f_00002].share : 167.000000
2024-10-17 17:44:59,677 - fed_utils - INFO - client_dict[f_00003].share : 1424.000000
2024-10-17 17:44:59,677 - fed_utils - INFO - client_dict[f_00004].share : 75.000000
2024-10-17 17:44:59,677 - server_base - INFO - Server set model shape and dtype ...
2024-10-17 17:44:59,677 - server_base - INFO - Server generate pk and sk ...
2024-10-17 17:44:59,710 - server_base - INFO - Public key : <PaillierPublicKey ac26aca487>
2024-10-17 17:44:59,710 - server_base - INFO - Private key : <PaillierPrivateKey for <PaillierPublicKey ac26aca487>>
2024-10-17 17:44:59,712 - fl_main - INFO - Training process start ...
2024-10-17 17:44:59,712 - fl_main - INFO - global round : 0
2024-10-17 17:44:59,712 - fl_main - INFO - the random client id to test accuracy : f_00000
2024-10-17 17:44:59,712 - fl_main - INFO - ----- client id [f_00000] -----
2024-10-17 17:44:59,727 - fl_main - INFO - client_dict[f_00000] training ...
2024-10-17 17:45:02,210 - client_base - INFO - client_dict[f_00000] training epoch : 0
2024-10-17 17:45:11,787 - fl_main - INFO - client_dict[f_00000] local model encrypting ...
2024-10-17 17:45:49,841 - fed_utils - INFO - encrypting key [features.0.weight].length : 4800, cost time : 0m 38s
2024-10-17 17:45:50,361 - fed_utils - INFO - encrypting key [features.0.bias].length : 64, cost time : 0m 0s
2024-10-17 17:59:21,896 - fed_utils - INFO - encrypting key [features.4.weight].length : 102400, cost time : 13m 31s
2024-10-17 17:59:22,413 - fed_utils - INFO - encrypting key [features.4.bias].length : 64, cost time : 0m 0s
2024-10-17 21:27:36,432 - fed_utils - INFO - encrypting key [classifier.0.weight].length : 1572864, cost time : 208m 14s
2024-10-17 21:27:39,481 - fed_utils - INFO - encrypting key [classifier.0.bias].length : 384, cost time : 0m 3s
2024-10-17 21:37:29,280 - fed_utils - INFO - encrypting key [classifier.2.weight].length : 73728, cost time : 9m 49s
2024-10-17 21:37:30,824 - fed_utils - INFO - encrypting key [classifier.2.bias].length : 192, cost time : 0m 1s
2024-10-17 21:37:46,226 - fed_utils - INFO - encrypting key [classifier.4.weight].length : 1920, cost time : 0m 15s
2024-10-17 21:37:46,306 - fed_utils - INFO - encrypting key [classifier.4.bias].length : 10, cost time : 0m 0s
2024-10-17 21:37:46,306 - fl_main - INFO - Server receive client_dict[f_00000] info ...
2024-10-17 21:37:46,306 - fl_main - INFO - ----- client id [f_00001] -----
2024-10-17 21:37:46,322 - fl_main - INFO - client_dict[f_00001] training ...
2024-10-17 21:37:46,323 - client_base - INFO - client_dict[f_00001] training epoch : 0
2024-10-17 21:37:55,650 - fl_main - INFO - client_dict[f_00001] local model encrypting ...
2024-10-17 21:38:34,186 - fed_utils - INFO - encrypting key [features.0.weight].length : 4800, cost time : 0m 38s
2024-10-17 21:38:34,710 - fed_utils - INFO - encrypting key [features.0.bias].length : 64, cost time : 0m 0s
2024-10-17 21:52:16,048 - fed_utils - INFO - encrypting key [features.4.weight].length : 102400, cost time : 13m 41s
2024-10-17 21:52:16,575 - fed_utils - INFO - encrypting key [features.4.bias].length : 64, cost time : 0m 0s
2024-10-18 01:20:26,983 - fed_utils - INFO - encrypting key [classifier.0.weight].length : 1572864, cost time : 208m 10s
2024-10-18 01:20:30,353 - fed_utils - INFO - encrypting key [classifier.0.bias].length : 384, cost time : 0m 3s
2024-10-18 01:30:15,674 - fed_utils - INFO - encrypting key [classifier.2.weight].length : 73728, cost time : 9m 45s
2024-10-18 01:30:17,206 - fed_utils - INFO - encrypting key [classifier.2.bias].length : 192, cost time : 0m 1s
2024-10-18 01:30:32,695 - fed_utils - INFO - encrypting key [classifier.4.weight].length : 1920, cost time : 0m 15s
2024-10-18 01:30:32,781 - fed_utils - INFO - encrypting key [classifier.4.bias].length : 10, cost time : 0m 0s
2024-10-18 01:30:32,781 - fl_main - INFO - Server receive client_dict[f_00001] info ...
2024-10-18 01:30:32,781 - fl_main - INFO - ----- client id [f_00002] -----
2024-10-18 01:30:32,796 - fl_main - INFO - client_dict[f_00002] training ...
2024-10-18 01:30:32,798 - client_base - INFO - client_dict[f_00002] training epoch : 0
2024-10-18 01:30:42,297 - fl_main - INFO - client_dict[f_00002] local model encrypting ...
2024-10-18 01:31:20,971 - fed_utils - INFO - encrypting key [features.0.weight].length : 4800, cost time : 0m 38s
2024-10-18 01:31:21,490 - fed_utils - INFO - encrypting key [features.0.bias].length : 64, cost time : 0m 0s
2024-10-18 01:45:03,880 - fed_utils - INFO - encrypting key [features.4.weight].length : 102400, cost time : 13m 42s
2024-10-18 01:45:04,402 - fed_utils - INFO - encrypting key [features.4.bias].length : 64, cost time : 0m 0s
2024-10-18 05:14:47,027 - fed_utils - INFO - encrypting key [classifier.0.weight].length : 1572864, cost time : 209m 42s
2024-10-18 05:14:50,116 - fed_utils - INFO - encrypting key [classifier.0.bias].length : 384, cost time : 0m 3s
2024-10-18 05:24:42,553 - fed_utils - INFO - encrypting key [classifier.2.weight].length : 73728, cost time : 9m 52s
2024-10-18 05:24:44,100 - fed_utils - INFO - encrypting key [classifier.2.bias].length : 192, cost time : 0m 1s
2024-10-18 05:24:59,840 - fed_utils - INFO - encrypting key [classifier.4.weight].length : 1920, cost time : 0m 15s
2024-10-18 05:24:59,922 - fed_utils - INFO - encrypting key [classifier.4.bias].length : 10, cost time : 0m 0s
2024-10-18 05:24:59,922 - fl_main - INFO - Server receive client_dict[f_00002] info ...
2024-10-18 05:24:59,923 - fl_main - INFO - ----- client id [f_00003] -----
2024-10-18 05:24:59,939 - fl_main - INFO - client_dict[f_00003] training ...
2024-10-18 05:24:59,941 - client_base - INFO - client_dict[f_00003] training epoch : 0
2024-10-18 05:25:09,596 - fl_main - INFO - client_dict[f_00003] local model encrypting ...
2024-10-18 05:25:47,835 - fed_utils - INFO - encrypting key [features.0.weight].length : 4800, cost time : 0m 38s
2024-10-18 05:25:48,353 - fed_utils - INFO - encrypting key [features.0.bias].length : 64, cost time : 0m 0s
2024-10-18 05:39:21,643 - fed_utils - INFO - encrypting key [features.4.weight].length : 102400, cost time : 13m 33s
2024-10-18 05:39:22,161 - fed_utils - INFO - encrypting key [features.4.bias].length : 64, cost time : 0m 0s
2024-10-18 09:07:28,131 - fed_utils - INFO - encrypting key [classifier.0.weight].length : 1572864, cost time : 208m 5s
2024-10-18 09:07:31,426 - fed_utils - INFO - encrypting key [classifier.0.bias].length : 384, cost time : 0m 3s
2024-10-18 09:17:16,645 - fed_utils - INFO - encrypting key [classifier.2.weight].length : 73728, cost time : 9m 45s
2024-10-18 09:17:18,177 - fed_utils - INFO - encrypting key [classifier.2.bias].length : 192, cost time : 0m 1s
2024-10-18 09:17:33,589 - fed_utils - INFO - encrypting key [classifier.4.weight].length : 1920, cost time : 0m 15s
2024-10-18 09:17:33,669 - fed_utils - INFO - encrypting key [classifier.4.bias].length : 10, cost time : 0m 0s
2024-10-18 09:17:33,669 - fl_main - INFO - Server receive client_dict[f_00003] info ...
2024-10-18 09:17:33,669 - fl_main - INFO - ----- client id [f_00004] -----
2024-10-18 09:17:33,689 - fl_main - INFO - client_dict[f_00004] training ...
2024-10-18 09:17:33,691 - client_base - INFO - client_dict[f_00004] training epoch : 0
2024-10-18 09:17:43,414 - fl_main - INFO - client_dict[f_00004] local model encrypting ...
2024-10-18 09:18:21,603 - fed_utils - INFO - encrypting key [features.0.weight].length : 4800, cost time : 0m 38s
2024-10-18 09:18:22,126 - fed_utils - INFO - encrypting key [features.0.bias].length : 64, cost time : 0m 0s
2024-10-18 09:31:55,822 - fed_utils - INFO - encrypting key [features.4.weight].length : 102400, cost time : 13m 33s
2024-10-18 09:31:56,334 - fed_utils - INFO - encrypting key [features.4.bias].length : 64, cost time : 0m 0s
2024-10-18 12:59:55,286 - fed_utils - INFO - encrypting key [classifier.0.weight].length : 1572864, cost time : 207m 58s
2024-10-18 12:59:58,337 - fed_utils - INFO - encrypting key [classifier.0.bias].length : 384, cost time : 0m 3s
2024-10-18 13:09:43,146 - fed_utils - INFO - encrypting key [classifier.2.weight].length : 73728, cost time : 9m 44s
2024-10-18 13:09:44,878 - fed_utils - INFO - encrypting key [classifier.2.bias].length : 192, cost time : 0m 1s
2024-10-18 13:10:00,245 - fed_utils - INFO - encrypting key [classifier.4.weight].length : 1920, cost time : 0m 15s
2024-10-18 13:10:00,326 - fed_utils - INFO - encrypting key [classifier.4.bias].length : 10, cost time : 0m 0s
2024-10-18 13:10:00,326 - fl_main - INFO - Server receive client_dict[f_00004] info ...
2024-10-18 13:10:00,326 - fl_main - INFO - global aggregation process ...
2024-10-18 13:10:00,451 - fed_utils - INFO - server.n_data : 50000
2024-10-18 13:10:00,451 - fed_utils - INFO - client_dict[f_00000].weight : 0.200000
2024-10-18 13:10:00,451 - fed_utils - INFO - client_dict[f_00001].weight : 0.200000
2024-10-18 13:10:00,451 - fed_utils - INFO - client_dict[f_00002].weight : 0.200000
2024-10-18 13:10:00,451 - fed_utils - INFO - client_dict[f_00003].weight : 0.200000
2024-10-18 13:10:00,451 - fed_utils - INFO - client_dict[f_00004].weight : 0.200000
2024-10-18 13:10:00,488 - fed_utils - INFO - recover secret number by clients: 722.400000
2024-10-18 13:10:00,488 - server_base - INFO - Server aggregate model with homomorphic encryption ...
2024-10-18 13:51:28,379 - fed_utils - INFO - decrypting key [features.0.weight].shape [torch.Size([64, 3, 5, 5])]
2024-10-18 13:51:28,525 - fed_utils - INFO - decrypting key [features.0.bias].shape [torch.Size([64])]
2024-10-18 13:55:21,698 - fed_utils - INFO - decrypting key [features.4.weight].shape [torch.Size([64, 64, 5, 5])]
2024-10-18 13:55:21,844 - fed_utils - INFO - decrypting key [features.4.bias].shape [torch.Size([64])]
2024-10-18 14:54:59,420 - fed_utils - INFO - decrypting key [classifier.0.weight].shape [torch.Size([384, 4096])]
2024-10-18 14:55:00,301 - fed_utils - INFO - decrypting key [classifier.0.bias].shape [torch.Size([384])]
2024-10-18 14:57:48,135 - fed_utils - INFO - decrypting key [classifier.2.weight].shape [torch.Size([192, 384])]
2024-10-18 14:57:48,572 - fed_utils - INFO - decrypting key [classifier.2.bias].shape [torch.Size([192])]
2024-10-18 14:57:52,938 - fed_utils - INFO - decrypting key [classifier.4.weight].shape [torch.Size([10, 192])]
2024-10-18 14:57:52,961 - fed_utils - INFO - decrypting key [classifier.4.bias].shape [torch.Size([10])]
2024-10-18 14:57:53,927 - fl_main - INFO - global round : 1
2024-10-18 14:57:53,937 - fl_main - INFO - the random client id to test accuracy : f_00004
2024-10-18 14:57:53,937 - fl_main - INFO - ----- client id [f_00000] -----
2024-10-18 14:57:54,301 - fl_main - INFO - client_dict[f_00000] training ...
2024-10-18 14:57:54,476 - client_base - INFO - client_dict[f_00000] training epoch : 0
2024-10-18 14:58:05,982 - fl_main - INFO - client_dict[f_00000] local model encrypting ...
2024-10-18 14:58:44,198 - fed_utils - INFO - encrypting key [features.0.weight].length : 4800, cost time : 0m 38s
2024-10-18 14:58:44,716 - fed_utils - INFO - encrypting key [features.0.bias].length : 64, cost time : 0m 0s
2024-10-18 15:12:17,658 - fed_utils - INFO - encrypting key [features.4.weight].length : 102400, cost time : 13m 32s
2024-10-18 15:12:18,175 - fed_utils - INFO - encrypting key [features.4.bias].length : 64, cost time : 0m 0s
