2024-11-17 22:52:14,351 - fl_main - INFO - data divide is iid
2024-11-17 22:52:17,546 - fed_utils - INFO - init global model cost time : 0m:0s:101ms
2024-11-17 22:52:18,669 - fed_utils - INFO - init global model cost time : 0m:0s:11ms
2024-11-17 22:52:18,684 - fed_utils - INFO - init global model cost time : 0m:0s:14ms
2024-11-17 22:52:18,698 - fed_utils - INFO - init global model cost time : 0m:0s:13ms
2024-11-17 22:52:18,712 - fed_utils - INFO - init global model cost time : 0m:0s:13ms
2024-11-17 22:52:18,726 - fed_utils - INFO - init global model cost time : 0m:0s:13ms
2024-11-17 22:52:18,740 - fed_utils - INFO - init global model cost time : 0m:0s:13ms
2024-11-17 22:52:18,755 - fed_utils - INFO - init global model cost time : 0m:0s:13ms
2024-11-17 22:52:18,769 - fed_utils - INFO - init global model cost time : 0m:0s:13ms
2024-11-17 22:52:18,783 - fed_utils - INFO - init global model cost time : 0m:0s:14ms
2024-11-17 22:52:18,797 - fed_utils - INFO - init global model cost time : 0m:0s:13ms
2024-11-17 22:52:18,811 - fed_utils - INFO - init global model cost time : 0m:0s:13ms
2024-11-17 22:52:18,825 - fed_utils - INFO - init global model cost time : 0m:0s:13ms
2024-11-17 22:52:18,840 - fed_utils - INFO - init global model cost time : 0m:0s:13ms
2024-11-17 22:52:18,854 - fed_utils - INFO - init global model cost time : 0m:0s:13ms
2024-11-17 22:52:18,868 - fed_utils - INFO - init global model cost time : 0m:0s:13ms
2024-11-17 22:52:18,868 - fed_utils - INFO - generating secret number and splitting it ...
2024-11-17 22:52:18,868 - fed_utils - INFO - secret_number : 15786395.000000
2024-11-17 22:52:18,868 - fed_utils - INFO - client_dict[f_00000].share : 227.000000
2024-11-17 22:52:18,868 - fed_utils - INFO - client_dict[f_00001].share : 957.000000
2024-11-17 22:52:18,868 - fed_utils - INFO - client_dict[f_00002].share : 709315.000000
2024-11-17 22:52:18,868 - fed_utils - INFO - client_dict[f_00003].share : 300.000000
2024-11-17 22:52:18,868 - fed_utils - INFO - client_dict[f_00004].share : 1990.000000
2024-11-17 22:52:18,868 - fed_utils - INFO - client_dict[f_00005].share : 12704369.000000
2024-11-17 22:52:18,868 - fed_utils - INFO - client_dict[f_00006].share : 1908.000000
2024-11-17 22:52:18,868 - fed_utils - INFO - client_dict[f_00007].share : 163853.000000
2024-11-17 22:52:18,868 - fed_utils - INFO - client_dict[f_00008].share : 1849447.000000
2024-11-17 22:52:18,868 - fed_utils - INFO - client_dict[f_00009].share : 73654.000000
2024-11-17 22:52:18,868 - fed_utils - INFO - client_dict[f_00010].share : 150473.000000
2024-11-17 22:52:18,868 - fed_utils - INFO - client_dict[f_00011].share : 87573.000000
2024-11-17 22:52:18,868 - fed_utils - INFO - client_dict[f_00012].share : 96.000000
2024-11-17 22:52:18,868 - fed_utils - INFO - client_dict[f_00013].share : 42230.000000
2024-11-17 22:52:18,868 - fed_utils - INFO - client_dict[f_00014].share : 3.000000
2024-11-17 22:52:18,868 - server_base - INFO - Server set model shape and dtype ...
2024-11-17 22:52:18,869 - server_base - INFO - Server generate pk and sk ...
2024-11-17 22:52:18,963 - server_base - INFO - Server generate pk and sk done, time : 0m:0s:94ms
2024-11-17 22:52:18,963 - server_base - INFO - Public key : <PaillierPublicKey 7ad4fb9044>
2024-11-17 22:52:18,963 - server_base - INFO - Private key : <PaillierPrivateKey for <PaillierPublicKey 7ad4fb9044>>
2024-11-17 22:52:18,993 - fl_main - INFO - Training process start ...
2024-11-17 22:52:18,993 - fl_main - INFO - global round : 0
2024-11-17 22:52:18,993 - fl_main - INFO - the random client id to test accuracy : f_00001
2024-11-17 22:52:18,993 - fl_main - INFO - ----- client id [f_00000] -----
2024-11-17 22:52:19,008 - fed_utils - INFO - init global model cost time : 0m:0s:14ms
2024-11-17 22:52:19,033 - fl_main - INFO - client_dict[f_00000] training ...
2024-11-17 22:52:48,021 - client_base - INFO - client_dict[f_00000] training epoch : 0
2024-11-17 22:52:55,182 - client_base - INFO - local model train cost time : 0m:7s:160ms
2024-11-17 22:52:55,311 - client_base - INFO - model encode time : 0m:0s:128ms
2024-11-17 22:52:55,311 - fl_main - INFO - client_dict[f_00000] local model encrypting ...
2024-11-17 22:53:33,415 - fed_utils - INFO - encrypting key [features.0.weight].length : 4800, cost time : 0m:38s:103ms
2024-11-17 22:53:33,934 - fed_utils - INFO - encrypting key [features.0.bias].length : 64, cost time : 0m:0s:519ms
2024-11-17 22:53:33,936 - fed_utils - INFO - load key [features.4.weight].length : 102400, cost time : 0m:0s:2ms
2024-11-17 22:53:33,936 - fed_utils - INFO - load key [features.4.bias].length : 64, cost time : 0m:0s:0ms
2024-11-17 22:53:33,981 - fed_utils - INFO - load key [classifier.0.weight].length : 1572864, cost time : 0m:0s:44ms
2024-11-17 22:53:33,981 - fed_utils - INFO - load key [classifier.0.bias].length : 384, cost time : 0m:0s:0ms
2024-11-17 22:53:33,983 - fed_utils - INFO - load key [classifier.2.weight].length : 73728, cost time : 0m:0s:1ms
2024-11-17 22:53:33,983 - fed_utils - INFO - load key [classifier.2.bias].length : 192, cost time : 0m:0s:0ms
2024-11-17 22:53:49,220 - fed_utils - INFO - encrypting key [classifier.4.weight].length : 1920, cost time : 0m:15s:236ms
2024-11-17 22:53:49,299 - fed_utils - INFO - encrypting key [classifier.4.bias].length : 10, cost time : 0m:0s:79ms
2024-11-17 22:53:49,299 - fl_main - INFO - Server receive client_dict[f_00000] info ...
2024-11-17 22:53:49,299 - fl_main - INFO - ----- client id [f_00001] -----
2024-11-17 22:53:49,313 - fed_utils - INFO - init global model cost time : 0m:0s:13ms
2024-11-17 22:53:49,315 - fl_main - INFO - client_dict[f_00001] training ...
2024-11-17 22:53:49,316 - client_base - INFO - client_dict[f_00001] training epoch : 0
2024-11-17 22:53:52,523 - client_base - INFO - local model train cost time : 0m:3s:206ms
2024-11-17 22:53:52,524 - client_base - INFO - model encode time : 0m:0s:1ms
2024-11-17 22:53:52,524 - fl_main - INFO - client_dict[f_00001] local model encrypting ...
2024-11-17 22:54:30,590 - fed_utils - INFO - encrypting key [features.0.weight].length : 4800, cost time : 0m:38s:65ms
2024-11-17 22:54:31,108 - fed_utils - INFO - encrypting key [features.0.bias].length : 64, cost time : 0m:0s:518ms
2024-11-17 22:54:31,111 - fed_utils - INFO - load key [features.4.weight].length : 102400, cost time : 0m:0s:2ms
2024-11-17 22:54:31,111 - fed_utils - INFO - load key [features.4.bias].length : 64, cost time : 0m:0s:0ms
2024-11-17 22:54:31,149 - fed_utils - INFO - load key [classifier.0.weight].length : 1572864, cost time : 0m:0s:38ms
2024-11-17 22:54:31,150 - fed_utils - INFO - load key [classifier.0.bias].length : 384, cost time : 0m:0s:0ms
2024-11-17 22:54:31,151 - fed_utils - INFO - load key [classifier.2.weight].length : 73728, cost time : 0m:0s:1ms
2024-11-17 22:54:31,151 - fed_utils - INFO - load key [classifier.2.bias].length : 192, cost time : 0m:0s:0ms
2024-11-17 22:54:46,379 - fed_utils - INFO - encrypting key [classifier.4.weight].length : 1920, cost time : 0m:15s:227ms
2024-11-17 22:54:46,458 - fed_utils - INFO - encrypting key [classifier.4.bias].length : 10, cost time : 0m:0s:79ms
2024-11-17 22:54:46,458 - fl_main - INFO - Server receive client_dict[f_00001] info ...
2024-11-17 22:54:46,458 - fl_main - INFO - ----- client id [f_00002] -----
2024-11-17 22:54:46,474 - fed_utils - INFO - init global model cost time : 0m:0s:15ms
2024-11-17 22:54:46,475 - fl_main - INFO - client_dict[f_00002] training ...
2024-11-17 22:54:46,477 - client_base - INFO - client_dict[f_00002] training epoch : 0
2024-11-17 22:54:49,714 - client_base - INFO - local model train cost time : 0m:3s:236ms
2024-11-17 22:54:49,715 - client_base - INFO - model encode time : 0m:0s:1ms
2024-11-17 22:54:49,716 - fl_main - INFO - client_dict[f_00002] local model encrypting ...
2024-11-17 22:55:27,831 - fed_utils - INFO - encrypting key [features.0.weight].length : 4800, cost time : 0m:38s:115ms
2024-11-17 22:55:28,349 - fed_utils - INFO - encrypting key [features.0.bias].length : 64, cost time : 0m:0s:518ms
2024-11-17 22:55:28,352 - fed_utils - INFO - load key [features.4.weight].length : 102400, cost time : 0m:0s:2ms
2024-11-17 22:55:28,352 - fed_utils - INFO - load key [features.4.bias].length : 64, cost time : 0m:0s:0ms
2024-11-17 22:55:28,391 - fed_utils - INFO - load key [classifier.0.weight].length : 1572864, cost time : 0m:0s:38ms
2024-11-17 22:55:28,391 - fed_utils - INFO - load key [classifier.0.bias].length : 384, cost time : 0m:0s:0ms
2024-11-17 22:55:28,393 - fed_utils - INFO - load key [classifier.2.weight].length : 73728, cost time : 0m:0s:1ms
2024-11-17 22:55:28,393 - fed_utils - INFO - load key [classifier.2.bias].length : 192, cost time : 0m:0s:0ms
2024-11-17 22:55:43,624 - fed_utils - INFO - encrypting key [classifier.4.weight].length : 1920, cost time : 0m:15s:231ms
2024-11-17 22:55:43,704 - fed_utils - INFO - encrypting key [classifier.4.bias].length : 10, cost time : 0m:0s:79ms
2024-11-17 22:55:43,704 - fl_main - INFO - Server receive client_dict[f_00002] info ...
2024-11-17 22:55:43,704 - fl_main - INFO - ----- client id [f_00003] -----
2024-11-17 22:55:43,714 - fed_utils - INFO - init global model cost time : 0m:0s:9ms
2024-11-17 22:55:43,715 - fl_main - INFO - client_dict[f_00003] training ...
2024-11-17 22:55:43,717 - client_base - INFO - client_dict[f_00003] training epoch : 0
2024-11-17 22:55:46,923 - client_base - INFO - local model train cost time : 0m:3s:206ms
2024-11-17 22:55:46,925 - client_base - INFO - model encode time : 0m:0s:1ms
2024-11-17 22:55:46,925 - fl_main - INFO - client_dict[f_00003] local model encrypting ...
2024-11-17 22:56:25,090 - fed_utils - INFO - encrypting key [features.0.weight].length : 4800, cost time : 0m:38s:164ms
2024-11-17 22:56:25,611 - fed_utils - INFO - encrypting key [features.0.bias].length : 64, cost time : 0m:0s:521ms
2024-11-17 22:56:25,614 - fed_utils - INFO - load key [features.4.weight].length : 102400, cost time : 0m:0s:2ms
2024-11-17 22:56:25,614 - fed_utils - INFO - load key [features.4.bias].length : 64, cost time : 0m:0s:0ms
2024-11-17 22:56:25,653 - fed_utils - INFO - load key [classifier.0.weight].length : 1572864, cost time : 0m:0s:39ms
2024-11-17 22:56:25,653 - fed_utils - INFO - load key [classifier.0.bias].length : 384, cost time : 0m:0s:0ms
2024-11-17 22:56:25,655 - fed_utils - INFO - load key [classifier.2.weight].length : 73728, cost time : 0m:0s:1ms
2024-11-17 22:56:25,655 - fed_utils - INFO - load key [classifier.2.bias].length : 192, cost time : 0m:0s:0ms
2024-11-17 22:56:40,913 - fed_utils - INFO - encrypting key [classifier.4.weight].length : 1920, cost time : 0m:15s:257ms
2024-11-17 22:56:40,993 - fed_utils - INFO - encrypting key [classifier.4.bias].length : 10, cost time : 0m:0s:79ms
2024-11-17 22:56:40,993 - fl_main - INFO - Server receive client_dict[f_00003] info ...
2024-11-17 22:56:40,993 - fl_main - INFO - ----- client id [f_00004] -----
2024-11-17 22:56:41,003 - fed_utils - INFO - init global model cost time : 0m:0s:9ms
2024-11-17 22:56:41,004 - fl_main - INFO - client_dict[f_00004] training ...
2024-11-17 22:56:41,006 - client_base - INFO - client_dict[f_00004] training epoch : 0
2024-11-17 22:56:44,241 - client_base - INFO - local model train cost time : 0m:3s:234ms
2024-11-17 22:56:44,243 - client_base - INFO - model encode time : 0m:0s:1ms
2024-11-17 22:56:44,243 - fl_main - INFO - client_dict[f_00004] local model encrypting ...
2024-11-17 22:57:22,395 - fed_utils - INFO - encrypting key [features.0.weight].length : 4800, cost time : 0m:38s:151ms
2024-11-17 22:57:22,913 - fed_utils - INFO - encrypting key [features.0.bias].length : 64, cost time : 0m:0s:518ms
2024-11-17 22:57:22,916 - fed_utils - INFO - load key [features.4.weight].length : 102400, cost time : 0m:0s:2ms
2024-11-17 22:57:22,916 - fed_utils - INFO - load key [features.4.bias].length : 64, cost time : 0m:0s:0ms
2024-11-17 22:57:22,955 - fed_utils - INFO - load key [classifier.0.weight].length : 1572864, cost time : 0m:0s:39ms
2024-11-17 22:57:22,956 - fed_utils - INFO - load key [classifier.0.bias].length : 384, cost time : 0m:0s:0ms
2024-11-17 22:57:22,957 - fed_utils - INFO - load key [classifier.2.weight].length : 73728, cost time : 0m:0s:1ms
2024-11-17 22:57:22,957 - fed_utils - INFO - load key [classifier.2.bias].length : 192, cost time : 0m:0s:0ms
2024-11-17 22:57:38,188 - fed_utils - INFO - encrypting key [classifier.4.weight].length : 1920, cost time : 0m:15s:230ms
2024-11-17 22:57:38,268 - fed_utils - INFO - encrypting key [classifier.4.bias].length : 10, cost time : 0m:0s:79ms
2024-11-17 22:57:38,268 - fl_main - INFO - Server receive client_dict[f_00004] info ...
2024-11-17 22:57:38,268 - fl_main - INFO - ----- client id [f_00005] -----
2024-11-17 22:57:38,278 - fed_utils - INFO - init global model cost time : 0m:0s:9ms
2024-11-17 22:57:38,279 - fl_main - INFO - client_dict[f_00005] training ...
2024-11-17 22:57:38,281 - client_base - INFO - client_dict[f_00005] training epoch : 0
2024-11-17 22:57:41,519 - client_base - INFO - local model train cost time : 0m:3s:237ms
2024-11-17 22:57:41,520 - client_base - INFO - model encode time : 0m:0s:1ms
2024-11-17 22:57:41,521 - fl_main - INFO - client_dict[f_00005] local model encrypting ...
2024-11-17 22:58:19,789 - fed_utils - INFO - encrypting key [features.0.weight].length : 4800, cost time : 0m:38s:268ms
2024-11-17 22:58:20,316 - fed_utils - INFO - encrypting key [features.0.bias].length : 64, cost time : 0m:0s:526ms
2024-11-17 22:58:20,318 - fed_utils - INFO - load key [features.4.weight].length : 102400, cost time : 0m:0s:2ms
2024-11-17 22:58:20,319 - fed_utils - INFO - load key [features.4.bias].length : 64, cost time : 0m:0s:0ms
2024-11-17 22:58:20,360 - fed_utils - INFO - load key [classifier.0.weight].length : 1572864, cost time : 0m:0s:41ms
2024-11-17 22:58:20,360 - fed_utils - INFO - load key [classifier.0.bias].length : 384, cost time : 0m:0s:0ms
2024-11-17 22:58:20,362 - fed_utils - INFO - load key [classifier.2.weight].length : 73728, cost time : 0m:0s:1ms
2024-11-17 22:58:20,362 - fed_utils - INFO - load key [classifier.2.bias].length : 192, cost time : 0m:0s:0ms
2024-11-17 22:58:35,758 - fed_utils - INFO - encrypting key [classifier.4.weight].length : 1920, cost time : 0m:15s:396ms
2024-11-17 22:58:35,838 - fed_utils - INFO - encrypting key [classifier.4.bias].length : 10, cost time : 0m:0s:79ms
2024-11-17 22:58:35,838 - fl_main - INFO - Server receive client_dict[f_00005] info ...
2024-11-17 22:58:35,839 - fl_main - INFO - ----- client id [f_00006] -----
2024-11-17 22:58:35,848 - fed_utils - INFO - init global model cost time : 0m:0s:9ms
2024-11-17 22:58:35,850 - fl_main - INFO - client_dict[f_00006] training ...
2024-11-17 22:58:35,852 - client_base - INFO - client_dict[f_00006] training epoch : 0
2024-11-17 22:58:39,093 - client_base - INFO - local model train cost time : 0m:3s:241ms
2024-11-17 22:58:39,095 - client_base - INFO - model encode time : 0m:0s:1ms
2024-11-17 22:58:39,095 - fl_main - INFO - client_dict[f_00006] local model encrypting ...
2024-11-17 22:59:19,311 - fed_utils - INFO - encrypting key [features.0.weight].length : 4800, cost time : 0m:40s:215ms
2024-11-17 22:59:19,876 - fed_utils - INFO - encrypting key [features.0.bias].length : 64, cost time : 0m:0s:565ms
2024-11-17 22:59:19,879 - fed_utils - INFO - load key [features.4.weight].length : 102400, cost time : 0m:0s:2ms
2024-11-17 22:59:19,879 - fed_utils - INFO - load key [features.4.bias].length : 64, cost time : 0m:0s:0ms
2024-11-17 22:59:19,920 - fed_utils - INFO - load key [classifier.0.weight].length : 1572864, cost time : 0m:0s:40ms
2024-11-17 22:59:19,920 - fed_utils - INFO - load key [classifier.0.bias].length : 384, cost time : 0m:0s:0ms
2024-11-17 22:59:19,922 - fed_utils - INFO - load key [classifier.2.weight].length : 73728, cost time : 0m:0s:1ms
2024-11-17 22:59:19,922 - fed_utils - INFO - load key [classifier.2.bias].length : 192, cost time : 0m:0s:0ms
2024-11-17 22:59:35,737 - fed_utils - INFO - encrypting key [classifier.4.weight].length : 1920, cost time : 0m:15s:815ms
2024-11-17 22:59:35,823 - fed_utils - INFO - encrypting key [classifier.4.bias].length : 10, cost time : 0m:0s:85ms
2024-11-17 22:59:35,823 - fl_main - INFO - Server receive client_dict[f_00006] info ...
2024-11-17 22:59:35,824 - fl_main - INFO - ----- client id [f_00007] -----
2024-11-17 22:59:35,834 - fed_utils - INFO - init global model cost time : 0m:0s:10ms
2024-11-17 22:59:35,837 - fl_main - INFO - client_dict[f_00007] training ...
2024-11-17 22:59:35,839 - client_base - INFO - client_dict[f_00007] training epoch : 0
2024-11-17 22:59:39,149 - client_base - INFO - local model train cost time : 0m:3s:309ms
2024-11-17 22:59:39,150 - client_base - INFO - model encode time : 0m:0s:1ms
2024-11-17 22:59:39,151 - fl_main - INFO - client_dict[f_00007] local model encrypting ...
2024-11-17 23:00:18,687 - fed_utils - INFO - encrypting key [features.0.weight].length : 4800, cost time : 0m:39s:535ms
2024-11-17 23:00:19,218 - fed_utils - INFO - encrypting key [features.0.bias].length : 64, cost time : 0m:0s:531ms
2024-11-17 23:00:19,221 - fed_utils - INFO - load key [features.4.weight].length : 102400, cost time : 0m:0s:2ms
2024-11-17 23:00:19,221 - fed_utils - INFO - load key [features.4.bias].length : 64, cost time : 0m:0s:0ms
2024-11-17 23:00:19,260 - fed_utils - INFO - load key [classifier.0.weight].length : 1572864, cost time : 0m:0s:39ms
2024-11-17 23:00:19,260 - fed_utils - INFO - load key [classifier.0.bias].length : 384, cost time : 0m:0s:0ms
2024-11-17 23:00:19,262 - fed_utils - INFO - load key [classifier.2.weight].length : 73728, cost time : 0m:0s:1ms
2024-11-17 23:00:19,262 - fed_utils - INFO - load key [classifier.2.bias].length : 192, cost time : 0m:0s:0ms
2024-11-17 23:00:35,134 - fed_utils - INFO - encrypting key [classifier.4.weight].length : 1920, cost time : 0m:15s:871ms
2024-11-17 23:00:35,216 - fed_utils - INFO - encrypting key [classifier.4.bias].length : 10, cost time : 0m:0s:82ms
2024-11-17 23:00:35,216 - fl_main - INFO - Server receive client_dict[f_00007] info ...
2024-11-17 23:00:35,217 - fl_main - INFO - ----- client id [f_00008] -----
2024-11-17 23:00:35,227 - fed_utils - INFO - init global model cost time : 0m:0s:9ms
2024-11-17 23:00:35,228 - fl_main - INFO - client_dict[f_00008] training ...
2024-11-17 23:00:35,230 - client_base - INFO - client_dict[f_00008] training epoch : 0
2024-11-17 23:00:38,458 - client_base - INFO - local model train cost time : 0m:3s:228ms
2024-11-17 23:00:38,460 - client_base - INFO - model encode time : 0m:0s:1ms
2024-11-17 23:00:38,460 - fl_main - INFO - client_dict[f_00008] local model encrypting ...
2024-11-17 23:01:17,695 - fed_utils - INFO - encrypting key [features.0.weight].length : 4800, cost time : 0m:39s:235ms
2024-11-17 23:01:18,221 - fed_utils - INFO - encrypting key [features.0.bias].length : 64, cost time : 0m:0s:525ms
2024-11-17 23:01:18,224 - fed_utils - INFO - load key [features.4.weight].length : 102400, cost time : 0m:0s:2ms
2024-11-17 23:01:18,224 - fed_utils - INFO - load key [features.4.bias].length : 64, cost time : 0m:0s:0ms
2024-11-17 23:01:18,264 - fed_utils - INFO - load key [classifier.0.weight].length : 1572864, cost time : 0m:0s:40ms
2024-11-17 23:01:18,264 - fed_utils - INFO - load key [classifier.0.bias].length : 384, cost time : 0m:0s:0ms
2024-11-17 23:01:18,266 - fed_utils - INFO - load key [classifier.2.weight].length : 73728, cost time : 0m:0s:1ms
2024-11-17 23:01:18,266 - fed_utils - INFO - load key [classifier.2.bias].length : 192, cost time : 0m:0s:0ms
2024-11-17 23:01:34,325 - fed_utils - INFO - encrypting key [classifier.4.weight].length : 1920, cost time : 0m:16s:58ms
2024-11-17 23:01:34,407 - fed_utils - INFO - encrypting key [classifier.4.bias].length : 10, cost time : 0m:0s:82ms
2024-11-17 23:01:34,407 - fl_main - INFO - Server receive client_dict[f_00008] info ...
2024-11-17 23:01:34,407 - fl_main - INFO - ----- client id [f_00009] -----
2024-11-17 23:01:34,417 - fed_utils - INFO - init global model cost time : 0m:0s:9ms
2024-11-17 23:01:34,419 - fl_main - INFO - client_dict[f_00009] training ...
2024-11-17 23:01:34,421 - client_base - INFO - client_dict[f_00009] training epoch : 0
2024-11-17 23:01:37,637 - client_base - INFO - local model train cost time : 0m:3s:216ms
2024-11-17 23:01:37,639 - client_base - INFO - model encode time : 0m:0s:2ms
2024-11-17 23:01:37,640 - fl_main - INFO - client_dict[f_00009] local model encrypting ...
2024-11-17 23:02:16,862 - fed_utils - INFO - encrypting key [features.0.weight].length : 4800, cost time : 0m:39s:221ms
2024-11-17 23:02:17,431 - fed_utils - INFO - encrypting key [features.0.bias].length : 64, cost time : 0m:0s:569ms
2024-11-17 23:02:17,434 - fed_utils - INFO - load key [features.4.weight].length : 102400, cost time : 0m:0s:2ms
2024-11-17 23:02:17,434 - fed_utils - INFO - load key [features.4.bias].length : 64, cost time : 0m:0s:0ms
2024-11-17 23:02:17,481 - fed_utils - INFO - load key [classifier.0.weight].length : 1572864, cost time : 0m:0s:46ms
2024-11-17 23:02:17,481 - fed_utils - INFO - load key [classifier.0.bias].length : 384, cost time : 0m:0s:0ms
2024-11-17 23:02:17,483 - fed_utils - INFO - load key [classifier.2.weight].length : 73728, cost time : 0m:0s:1ms
2024-11-17 23:02:17,483 - fed_utils - INFO - load key [classifier.2.bias].length : 192, cost time : 0m:0s:0ms
2024-11-17 23:02:33,549 - fed_utils - INFO - encrypting key [classifier.4.weight].length : 1920, cost time : 0m:16s:65ms
2024-11-17 23:02:33,630 - fed_utils - INFO - encrypting key [classifier.4.bias].length : 10, cost time : 0m:0s:81ms
2024-11-17 23:02:33,630 - fl_main - INFO - Server receive client_dict[f_00009] info ...
2024-11-17 23:02:33,630 - fl_main - INFO - ----- client id [f_00010] -----
2024-11-17 23:02:33,640 - fed_utils - INFO - init global model cost time : 0m:0s:9ms
2024-11-17 23:02:33,642 - fl_main - INFO - client_dict[f_00010] training ...
2024-11-17 23:02:33,643 - client_base - INFO - client_dict[f_00010] training epoch : 0
2024-11-17 23:02:36,839 - client_base - INFO - local model train cost time : 0m:3s:195ms
2024-11-17 23:02:36,841 - client_base - INFO - model encode time : 0m:0s:1ms
2024-11-17 23:02:36,841 - fl_main - INFO - client_dict[f_00010] local model encrypting ...
2024-11-17 23:03:16,182 - fed_utils - INFO - encrypting key [features.0.weight].length : 4800, cost time : 0m:39s:341ms
2024-11-17 23:03:16,708 - fed_utils - INFO - encrypting key [features.0.bias].length : 64, cost time : 0m:0s:525ms
2024-11-17 23:03:16,712 - fed_utils - INFO - load key [features.4.weight].length : 102400, cost time : 0m:0s:3ms
2024-11-17 23:03:16,712 - fed_utils - INFO - load key [features.4.bias].length : 64, cost time : 0m:0s:0ms
2024-11-17 23:03:16,754 - fed_utils - INFO - load key [classifier.0.weight].length : 1572864, cost time : 0m:0s:41ms
2024-11-17 23:03:16,754 - fed_utils - INFO - load key [classifier.0.bias].length : 384, cost time : 0m:0s:0ms
2024-11-17 23:03:16,756 - fed_utils - INFO - load key [classifier.2.weight].length : 73728, cost time : 0m:0s:1ms
2024-11-17 23:03:16,756 - fed_utils - INFO - load key [classifier.2.bias].length : 192, cost time : 0m:0s:0ms
2024-11-17 23:03:32,478 - fed_utils - INFO - encrypting key [classifier.4.weight].length : 1920, cost time : 0m:15s:721ms
2024-11-17 23:03:32,560 - fed_utils - INFO - encrypting key [classifier.4.bias].length : 10, cost time : 0m:0s:82ms
2024-11-17 23:03:32,560 - fl_main - INFO - Server receive client_dict[f_00010] info ...
2024-11-17 23:03:32,560 - fl_main - INFO - ----- client id [f_00011] -----
2024-11-17 23:03:32,575 - fed_utils - INFO - init global model cost time : 0m:0s:14ms
2024-11-17 23:03:32,577 - fl_main - INFO - client_dict[f_00011] training ...
2024-11-17 23:03:32,580 - client_base - INFO - client_dict[f_00011] training epoch : 0
2024-11-17 23:03:35,811 - client_base - INFO - local model train cost time : 0m:3s:231ms
2024-11-17 23:03:35,813 - client_base - INFO - model encode time : 0m:0s:1ms
2024-11-17 23:03:35,813 - fl_main - INFO - client_dict[f_00011] local model encrypting ...
2024-11-17 23:04:14,377 - fed_utils - INFO - encrypting key [features.0.weight].length : 4800, cost time : 0m:38s:563ms
2024-11-17 23:04:14,893 - fed_utils - INFO - encrypting key [features.0.bias].length : 64, cost time : 0m:0s:516ms
2024-11-17 23:04:14,895 - fed_utils - INFO - load key [features.4.weight].length : 102400, cost time : 0m:0s:2ms
2024-11-17 23:04:14,895 - fed_utils - INFO - load key [features.4.bias].length : 64, cost time : 0m:0s:0ms
2024-11-17 23:04:14,935 - fed_utils - INFO - load key [classifier.0.weight].length : 1572864, cost time : 0m:0s:38ms
2024-11-17 23:04:14,935 - fed_utils - INFO - load key [classifier.0.bias].length : 384, cost time : 0m:0s:0ms
2024-11-17 23:04:14,936 - fed_utils - INFO - load key [classifier.2.weight].length : 73728, cost time : 0m:0s:1ms
2024-11-17 23:04:14,936 - fed_utils - INFO - load key [classifier.2.bias].length : 192, cost time : 0m:0s:0ms
2024-11-17 23:04:30,463 - fed_utils - INFO - encrypting key [classifier.4.weight].length : 1920, cost time : 0m:15s:526ms
2024-11-17 23:04:30,547 - fed_utils - INFO - encrypting key [classifier.4.bias].length : 10, cost time : 0m:0s:83ms
2024-11-17 23:04:30,547 - fl_main - INFO - Server receive client_dict[f_00011] info ...
2024-11-17 23:04:30,547 - fl_main - INFO - ----- client id [f_00012] -----
2024-11-17 23:04:30,557 - fed_utils - INFO - init global model cost time : 0m:0s:9ms
2024-11-17 23:04:30,559 - fl_main - INFO - client_dict[f_00012] training ...
2024-11-17 23:04:30,560 - client_base - INFO - client_dict[f_00012] training epoch : 0
2024-11-17 23:04:33,788 - client_base - INFO - local model train cost time : 0m:3s:227ms
2024-11-17 23:04:33,789 - client_base - INFO - model encode time : 0m:0s:1ms
2024-11-17 23:04:33,790 - fl_main - INFO - client_dict[f_00012] local model encrypting ...
2024-11-17 23:05:12,777 - fed_utils - INFO - encrypting key [features.0.weight].length : 4800, cost time : 0m:38s:987ms
2024-11-17 23:05:13,303 - fed_utils - INFO - encrypting key [features.0.bias].length : 64, cost time : 0m:0s:525ms
2024-11-17 23:05:13,306 - fed_utils - INFO - load key [features.4.weight].length : 102400, cost time : 0m:0s:2ms
2024-11-17 23:05:13,306 - fed_utils - INFO - load key [features.4.bias].length : 64, cost time : 0m:0s:0ms
2024-11-17 23:05:13,345 - fed_utils - INFO - load key [classifier.0.weight].length : 1572864, cost time : 0m:0s:38ms
2024-11-17 23:05:13,345 - fed_utils - INFO - load key [classifier.0.bias].length : 384, cost time : 0m:0s:0ms
2024-11-17 23:05:13,347 - fed_utils - INFO - load key [classifier.2.weight].length : 73728, cost time : 0m:0s:1ms
2024-11-17 23:05:13,347 - fed_utils - INFO - load key [classifier.2.bias].length : 192, cost time : 0m:0s:0ms
2024-11-17 23:05:28,761 - fed_utils - INFO - encrypting key [classifier.4.weight].length : 1920, cost time : 0m:15s:414ms
2024-11-17 23:05:28,842 - fed_utils - INFO - encrypting key [classifier.4.bias].length : 10, cost time : 0m:0s:80ms
2024-11-17 23:05:28,843 - fl_main - INFO - Server receive client_dict[f_00012] info ...
2024-11-17 23:05:28,843 - fl_main - INFO - ----- client id [f_00013] -----
2024-11-17 23:05:28,852 - fed_utils - INFO - init global model cost time : 0m:0s:9ms
2024-11-17 23:05:28,854 - fl_main - INFO - client_dict[f_00013] training ...
2024-11-17 23:05:28,856 - client_base - INFO - client_dict[f_00013] training epoch : 0
2024-11-17 23:05:32,128 - client_base - INFO - local model train cost time : 0m:3s:272ms
2024-11-17 23:05:32,130 - client_base - INFO - model encode time : 0m:0s:1ms
2024-11-17 23:05:32,130 - fl_main - INFO - client_dict[f_00013] local model encrypting ...
2024-11-17 23:06:10,766 - fed_utils - INFO - encrypting key [features.0.weight].length : 4800, cost time : 0m:38s:635ms
2024-11-17 23:06:11,284 - fed_utils - INFO - encrypting key [features.0.bias].length : 64, cost time : 0m:0s:517ms
2024-11-17 23:06:11,287 - fed_utils - INFO - load key [features.4.weight].length : 102400, cost time : 0m:0s:2ms
2024-11-17 23:06:11,287 - fed_utils - INFO - load key [features.4.bias].length : 64, cost time : 0m:0s:0ms
2024-11-17 23:06:11,327 - fed_utils - INFO - load key [classifier.0.weight].length : 1572864, cost time : 0m:0s:40ms
2024-11-17 23:06:11,328 - fed_utils - INFO - load key [classifier.0.bias].length : 384, cost time : 0m:0s:0ms
2024-11-17 23:06:11,329 - fed_utils - INFO - load key [classifier.2.weight].length : 73728, cost time : 0m:0s:1ms
2024-11-17 23:06:11,329 - fed_utils - INFO - load key [classifier.2.bias].length : 192, cost time : 0m:0s:0ms
2024-11-17 23:06:26,643 - fed_utils - INFO - encrypting key [classifier.4.weight].length : 1920, cost time : 0m:15s:313ms
2024-11-17 23:06:26,724 - fed_utils - INFO - encrypting key [classifier.4.bias].length : 10, cost time : 0m:0s:80ms
2024-11-17 23:06:26,724 - fl_main - INFO - Server receive client_dict[f_00013] info ...
2024-11-17 23:06:26,724 - fl_main - INFO - ----- client id [f_00014] -----
2024-11-17 23:06:26,734 - fed_utils - INFO - init global model cost time : 0m:0s:9ms
2024-11-17 23:06:26,735 - fl_main - INFO - client_dict[f_00014] training ...
2024-11-17 23:06:26,737 - client_base - INFO - client_dict[f_00014] training epoch : 0
2024-11-17 23:06:29,923 - client_base - INFO - local model train cost time : 0m:3s:185ms
2024-11-17 23:06:29,924 - client_base - INFO - model encode time : 0m:0s:1ms
2024-11-17 23:06:29,925 - fl_main - INFO - client_dict[f_00014] local model encrypting ...
2024-11-17 23:07:10,204 - fed_utils - INFO - encrypting key [features.0.weight].length : 4800, cost time : 0m:40s:279ms
2024-11-17 23:07:10,756 - fed_utils - INFO - encrypting key [features.0.bias].length : 64, cost time : 0m:0s:551ms
2024-11-17 23:07:10,758 - fed_utils - INFO - load key [features.4.weight].length : 102400, cost time : 0m:0s:2ms
2024-11-17 23:07:10,758 - fed_utils - INFO - load key [features.4.bias].length : 64, cost time : 0m:0s:0ms
2024-11-17 23:07:10,800 - fed_utils - INFO - load key [classifier.0.weight].length : 1572864, cost time : 0m:0s:41ms
2024-11-17 23:07:10,800 - fed_utils - INFO - load key [classifier.0.bias].length : 384, cost time : 0m:0s:0ms
2024-11-17 23:07:10,802 - fed_utils - INFO - load key [classifier.2.weight].length : 73728, cost time : 0m:0s:1ms
2024-11-17 23:07:10,802 - fed_utils - INFO - load key [classifier.2.bias].length : 192, cost time : 0m:0s:0ms
2024-11-17 23:07:26,952 - fed_utils - INFO - encrypting key [classifier.4.weight].length : 1920, cost time : 0m:16s:149ms
2024-11-17 23:07:27,038 - fed_utils - INFO - encrypting key [classifier.4.bias].length : 10, cost time : 0m:0s:85ms
2024-11-17 23:07:27,038 - fl_main - INFO - Server receive client_dict[f_00014] info ...
2024-11-17 23:07:27,038 - fl_main - INFO - global aggregation process ...
2024-11-17 23:07:27,039 - fed_utils - INFO - server.n_data : 50000
2024-11-17 23:07:27,039 - fed_utils - INFO - client_dict[f_00000].weight : 0.066680
2024-11-17 23:07:27,039 - fed_utils - INFO - client_dict[f_00001].weight : 0.066680
2024-11-17 23:07:27,039 - fed_utils - INFO - client_dict[f_00002].weight : 0.066680
2024-11-17 23:07:27,039 - fed_utils - INFO - client_dict[f_00003].weight : 0.066680
2024-11-17 23:07:27,039 - fed_utils - INFO - client_dict[f_00004].weight : 0.066680
2024-11-17 23:07:27,039 - fed_utils - INFO - client_dict[f_00005].weight : 0.066660
2024-11-17 23:07:27,039 - fed_utils - INFO - client_dict[f_00006].weight : 0.066660
2024-11-17 23:07:27,039 - fed_utils - INFO - client_dict[f_00007].weight : 0.066660
2024-11-17 23:07:27,039 - fed_utils - INFO - client_dict[f_00008].weight : 0.066660
2024-11-17 23:07:27,039 - fed_utils - INFO - client_dict[f_00009].weight : 0.066660
2024-11-17 23:07:27,039 - fed_utils - INFO - client_dict[f_00010].weight : 0.066660
2024-11-17 23:07:27,039 - fed_utils - INFO - client_dict[f_00011].weight : 0.066660
2024-11-17 23:07:27,039 - fed_utils - INFO - client_dict[f_00012].weight : 0.066660
2024-11-17 23:07:27,039 - fed_utils - INFO - client_dict[f_00013].weight : 0.066660
2024-11-17 23:07:27,039 - fed_utils - INFO - client_dict[f_00014].weight : 0.066660
2024-11-17 23:07:27,039 - fed_utils - INFO - recover secret number by clients: 1052335.346480
2024-11-17 23:07:27,039 - server_base - INFO - Server aggregate model with homomorphic encryption ...
2024-11-17 23:08:05,237 - server_base - INFO - Server aggregate model done, cost time : 0m:38s:197ms
2024-11-17 23:08:16,828 - fed_utils - INFO - decrypting key [features.0.weight].shape [torch.Size([64, 3, 5, 5])]
2024-11-17 23:08:16,976 - fed_utils - INFO - decrypting key [features.0.bias].shape [torch.Size([64])]
2024-11-17 23:08:16,976 - fed_utils - INFO - decrypting key [features.4.weight].shape [torch.Size([64, 64, 5, 5])]
2024-11-17 23:08:16,976 - fed_utils - INFO - decrypting key [features.4.bias].shape [torch.Size([64])]
2024-11-17 23:08:16,983 - fed_utils - INFO - decrypting key [classifier.0.weight].shape [torch.Size([384, 4096])]
2024-11-17 23:08:16,983 - fed_utils - INFO - decrypting key [classifier.0.bias].shape [torch.Size([384])]
2024-11-17 23:08:16,984 - fed_utils - INFO - decrypting key [classifier.2.weight].shape [torch.Size([192, 384])]
2024-11-17 23:08:16,984 - fed_utils - INFO - decrypting key [classifier.2.bias].shape [torch.Size([192])]
2024-11-17 23:08:21,614 - fed_utils - INFO - decrypting key [classifier.4.weight].shape [torch.Size([10, 192])]
2024-11-17 23:08:21,638 - fed_utils - INFO - decrypting key [classifier.4.bias].shape [torch.Size([10])]
2024-11-17 23:08:21,638 - fed_utils - INFO - decrypt time : [0m:16s:400ms]
2024-11-17 23:08:21,850 - fl_main - INFO - [global round : 0] aggregated model loss : 2.108478144162539
2024-11-17 23:08:21,850 - fl_main - INFO - global round : 1
2024-11-17 23:08:21,850 - fl_main - INFO - the random client id to test accuracy : f_00000
2024-11-17 23:08:21,850 - fl_main - INFO - ----- client id [f_00000] -----
2024-11-17 23:08:21,862 - fed_utils - INFO - init global model cost time : 0m:0s:11ms
2024-11-17 23:08:21,865 - client_base - INFO - recover model cost time : 0m:0s:0ms
2024-11-17 23:08:24,344 - fl_main - INFO - global round [1] client_dict[f_00000].accuracy : 0.267300
2024-11-17 23:08:24,345 - fl_main - INFO - client_dict[f_00000] training ...
2024-11-17 23:08:24,345 - client_base - INFO - client_dict[f_00000] training epoch : 0
2024-11-17 23:08:27,491 - client_base - INFO - local model train cost time : 0m:3s:146ms
2024-11-17 23:08:27,493 - client_base - INFO - model encode time : 0m:0s:1ms
2024-11-17 23:08:27,493 - fl_main - INFO - client_dict[f_00000] local model encrypting ...
2024-11-17 23:09:06,135 - fed_utils - INFO - encrypting key [features.0.weight].length : 4800, cost time : 0m:38s:642ms
2024-11-17 23:09:06,659 - fed_utils - INFO - encrypting key [features.0.bias].length : 64, cost time : 0m:0s:523ms
2024-11-17 23:09:06,661 - fed_utils - INFO - load key [features.4.weight].length : 102400, cost time : 0m:0s:2ms
2024-11-17 23:09:06,662 - fed_utils - INFO - load key [features.4.bias].length : 64, cost time : 0m:0s:0ms
2024-11-17 23:09:06,701 - fed_utils - INFO - load key [classifier.0.weight].length : 1572864, cost time : 0m:0s:39ms
2024-11-17 23:09:06,701 - fed_utils - INFO - load key [classifier.0.bias].length : 384, cost time : 0m:0s:0ms
2024-11-17 23:09:06,703 - fed_utils - INFO - load key [classifier.2.weight].length : 73728, cost time : 0m:0s:1ms
2024-11-17 23:09:06,703 - fed_utils - INFO - load key [classifier.2.bias].length : 192, cost time : 0m:0s:0ms
2024-11-17 23:09:22,069 - fed_utils - INFO - encrypting key [classifier.4.weight].length : 1920, cost time : 0m:15s:366ms
2024-11-17 23:09:22,149 - fed_utils - INFO - encrypting key [classifier.4.bias].length : 10, cost time : 0m:0s:80ms
2024-11-17 23:09:22,174 - fl_main - INFO - Server receive client_dict[f_00000] info ...
2024-11-17 23:09:22,174 - fl_main - INFO - ----- client id [f_00001] -----
2024-11-17 23:09:22,186 - fed_utils - INFO - init global model cost time : 0m:0s:12ms
2024-11-17 23:09:22,188 - client_base - INFO - recover model cost time : 0m:0s:0ms
2024-11-17 23:09:22,189 - fl_main - INFO - client_dict[f_00001] training ...
2024-11-17 23:09:22,190 - client_base - INFO - client_dict[f_00001] training epoch : 0
2024-11-17 23:09:25,354 - client_base - INFO - local model train cost time : 0m:3s:164ms
2024-11-17 23:09:25,356 - client_base - INFO - model encode time : 0m:0s:1ms
2024-11-17 23:09:25,356 - fl_main - INFO - client_dict[f_00001] local model encrypting ...
2024-11-17 23:10:03,554 - fed_utils - INFO - encrypting key [features.0.weight].length : 4800, cost time : 0m:38s:197ms
2024-11-17 23:10:04,075 - fed_utils - INFO - encrypting key [features.0.bias].length : 64, cost time : 0m:0s:520ms
2024-11-17 23:10:04,078 - fed_utils - INFO - load key [features.4.weight].length : 102400, cost time : 0m:0s:2ms
2024-11-17 23:10:04,078 - fed_utils - INFO - load key [features.4.bias].length : 64, cost time : 0m:0s:0ms
2024-11-17 23:10:04,118 - fed_utils - INFO - load key [classifier.0.weight].length : 1572864, cost time : 0m:0s:40ms
2024-11-17 23:10:04,118 - fed_utils - INFO - load key [classifier.0.bias].length : 384, cost time : 0m:0s:0ms
2024-11-17 23:10:04,120 - fed_utils - INFO - load key [classifier.2.weight].length : 73728, cost time : 0m:0s:1ms
2024-11-17 23:10:04,120 - fed_utils - INFO - load key [classifier.2.bias].length : 192, cost time : 0m:0s:0ms
2024-11-17 23:10:19,388 - fed_utils - INFO - encrypting key [classifier.4.weight].length : 1920, cost time : 0m:15s:267ms
2024-11-17 23:10:19,467 - fed_utils - INFO - encrypting key [classifier.4.bias].length : 10, cost time : 0m:0s:79ms
2024-11-17 23:10:19,467 - fl_main - INFO - Server receive client_dict[f_00001] info ...
2024-11-17 23:10:19,467 - fl_main - INFO - ----- client id [f_00002] -----
2024-11-17 23:10:19,477 - fed_utils - INFO - init global model cost time : 0m:0s:9ms
2024-11-17 23:10:19,479 - client_base - INFO - recover model cost time : 0m:0s:0ms
2024-11-17 23:10:19,479 - fl_main - INFO - client_dict[f_00002] training ...
2024-11-17 23:10:19,481 - client_base - INFO - client_dict[f_00002] training epoch : 0
2024-11-17 23:10:22,723 - client_base - INFO - local model train cost time : 0m:3s:242ms
2024-11-17 23:10:22,724 - client_base - INFO - model encode time : 0m:0s:1ms
2024-11-17 23:10:22,725 - fl_main - INFO - client_dict[f_00002] local model encrypting ...
2024-11-17 23:11:00,883 - fed_utils - INFO - encrypting key [features.0.weight].length : 4800, cost time : 0m:38s:158ms
2024-11-17 23:11:01,396 - fed_utils - INFO - encrypting key [features.0.bias].length : 64, cost time : 0m:0s:512ms
2024-11-17 23:11:01,399 - fed_utils - INFO - load key [features.4.weight].length : 102400, cost time : 0m:0s:2ms
2024-11-17 23:11:01,399 - fed_utils - INFO - load key [features.4.bias].length : 64, cost time : 0m:0s:0ms
2024-11-17 23:11:01,439 - fed_utils - INFO - load key [classifier.0.weight].length : 1572864, cost time : 0m:0s:39ms
2024-11-17 23:11:01,439 - fed_utils - INFO - load key [classifier.0.bias].length : 384, cost time : 0m:0s:0ms
2024-11-17 23:11:01,441 - fed_utils - INFO - load key [classifier.2.weight].length : 73728, cost time : 0m:0s:1ms
2024-11-17 23:11:01,441 - fed_utils - INFO - load key [classifier.2.bias].length : 192, cost time : 0m:0s:0ms
2024-11-17 23:11:16,722 - fed_utils - INFO - encrypting key [classifier.4.weight].length : 1920, cost time : 0m:15s:281ms
2024-11-17 23:11:16,802 - fed_utils - INFO - encrypting key [classifier.4.bias].length : 10, cost time : 0m:0s:79ms
2024-11-17 23:11:16,802 - fl_main - INFO - Server receive client_dict[f_00002] info ...
2024-11-17 23:11:16,802 - fl_main - INFO - ----- client id [f_00003] -----
2024-11-17 23:11:16,811 - fed_utils - INFO - init global model cost time : 0m:0s:9ms
2024-11-17 23:11:16,814 - client_base - INFO - recover model cost time : 0m:0s:0ms
2024-11-17 23:11:16,814 - fl_main - INFO - client_dict[f_00003] training ...
2024-11-17 23:11:16,815 - client_base - INFO - client_dict[f_00003] training epoch : 0
2024-11-17 23:11:19,962 - client_base - INFO - local model train cost time : 0m:3s:146ms
2024-11-17 23:11:19,963 - client_base - INFO - model encode time : 0m:0s:1ms
2024-11-17 23:11:19,964 - fl_main - INFO - client_dict[f_00003] local model encrypting ...
