2024-10-17 09:03:20,475 - fl_main - INFO - data divide is iid
2024-10-17 09:03:20,522 - fed_utils - INFO - generating secret number and splitting it ...
2024-10-17 09:03:20,522 - fed_utils - INFO - secret_number : 3612.000000
2024-10-17 09:03:20,522 - fed_utils - INFO - client_dict[f_00000].share : 36.000000
2024-10-17 09:03:20,523 - fed_utils - INFO - client_dict[f_00001].share : 1910.000000
2024-10-17 09:03:20,523 - fed_utils - INFO - client_dict[f_00002].share : 167.000000
2024-10-17 09:03:20,523 - fed_utils - INFO - client_dict[f_00003].share : 1424.000000
2024-10-17 09:03:20,523 - fed_utils - INFO - client_dict[f_00004].share : 75.000000
2024-10-17 09:03:20,523 - server_base - INFO - Server set model shape and dtype ...
2024-10-17 09:03:20,523 - server_base - INFO - Server generate pk and sk ...
2024-10-17 09:03:20,546 - server_base - INFO - Public key : <PaillierPublicKey 1d0de06934>
2024-10-17 09:03:20,546 - server_base - INFO - Private key : <PaillierPrivateKey for <PaillierPublicKey 1d0de06934>>
2024-10-17 09:03:20,548 - fl_main - INFO - Training process start ...
2024-10-17 09:03:20,548 - fl_main - INFO - global round : 0
2024-10-17 09:03:20,548 - fl_main - INFO - the random client id to test accuracy : f_00000
2024-10-17 09:03:20,548 - fl_main - INFO - ----- client id [f_00000] -----
2024-10-17 09:03:20,549 - fl_main - INFO - client_dict[f_00000] training ...
2024-10-17 09:03:23,134 - client_base - INFO - client_dict[f_00000] training epoch : 0
2024-10-17 09:03:24,258 - fl_main - INFO - client_dict[f_00000] local model encrypting ...
2024-10-17 09:03:25,442 - fed_utils - INFO - encrypting key [conv1.weight].length : 150, cost time : 0m 1s
2024-10-17 09:03:25,491 - fed_utils - INFO - encrypting key [conv1.bias].length : 6, cost time : 0m 0s
2024-10-17 09:03:45,359 - fed_utils - INFO - encrypting key [conv2.weight].length : 2400, cost time : 0m 19s
2024-10-17 09:03:45,510 - fed_utils - INFO - encrypting key [conv2.bias].length : 16, cost time : 0m 0s
2024-10-17 09:10:05,322 - fed_utils - INFO - encrypting key [fc1.weight].length : 48000, cost time : 6m 19s
2024-10-17 09:10:06,280 - fed_utils - INFO - encrypting key [fc1.bias].length : 120, cost time : 0m 0s
2024-10-17 09:11:25,837 - fed_utils - INFO - encrypting key [fc2.weight].length : 10080, cost time : 1m 19s
2024-10-17 09:11:26,506 - fed_utils - INFO - encrypting key [fc2.bias].length : 84, cost time : 0m 0s
2024-10-17 09:11:33,127 - fed_utils - INFO - encrypting key [fc3.weight].length : 840, cost time : 0m 6s
2024-10-17 09:11:33,207 - fed_utils - INFO - encrypting key [fc3.bias].length : 10, cost time : 0m 0s
2024-10-17 09:11:33,207 - fl_main - INFO - Server receive client_dict[f_00000] info ...
2024-10-17 09:11:33,207 - fl_main - INFO - ----- client id [f_00001] -----
2024-10-17 09:11:33,208 - fl_main - INFO - client_dict[f_00001] training ...
2024-10-17 09:11:33,209 - client_base - INFO - client_dict[f_00001] training epoch : 0
2024-10-17 09:11:34,074 - fl_main - INFO - client_dict[f_00001] local model encrypting ...
2024-10-17 09:11:35,263 - fed_utils - INFO - encrypting key [conv1.weight].length : 150, cost time : 0m 1s
2024-10-17 09:11:35,312 - fed_utils - INFO - encrypting key [conv1.bias].length : 6, cost time : 0m 0s
2024-10-17 09:11:54,282 - fed_utils - INFO - encrypting key [conv2.weight].length : 2400, cost time : 0m 18s
2024-10-17 09:11:54,419 - fed_utils - INFO - encrypting key [conv2.bias].length : 16, cost time : 0m 0s
2024-10-17 09:18:13,746 - fed_utils - INFO - encrypting key [fc1.weight].length : 48000, cost time : 6m 19s
2024-10-17 09:18:14,704 - fed_utils - INFO - encrypting key [fc1.bias].length : 120, cost time : 0m 0s
2024-10-17 09:19:34,543 - fed_utils - INFO - encrypting key [fc2.weight].length : 10080, cost time : 1m 19s
2024-10-17 09:19:35,225 - fed_utils - INFO - encrypting key [fc2.bias].length : 84, cost time : 0m 0s
2024-10-17 09:19:41,849 - fed_utils - INFO - encrypting key [fc3.weight].length : 840, cost time : 0m 6s
2024-10-17 09:19:41,929 - fed_utils - INFO - encrypting key [fc3.bias].length : 10, cost time : 0m 0s
2024-10-17 09:19:41,929 - fl_main - INFO - Server receive client_dict[f_00001] info ...
2024-10-17 09:19:41,929 - fl_main - INFO - ----- client id [f_00002] -----
2024-10-17 09:19:41,930 - fl_main - INFO - client_dict[f_00002] training ...
2024-10-17 09:19:41,931 - client_base - INFO - client_dict[f_00002] training epoch : 0
2024-10-17 09:19:42,723 - fl_main - INFO - client_dict[f_00002] local model encrypting ...
2024-10-17 09:19:43,907 - fed_utils - INFO - encrypting key [conv1.weight].length : 150, cost time : 0m 1s
2024-10-17 09:19:43,956 - fed_utils - INFO - encrypting key [conv1.bias].length : 6, cost time : 0m 0s
2024-10-17 09:20:03,004 - fed_utils - INFO - encrypting key [conv2.weight].length : 2400, cost time : 0m 19s
2024-10-17 09:20:03,141 - fed_utils - INFO - encrypting key [conv2.bias].length : 16, cost time : 0m 0s
2024-10-17 09:26:22,393 - fed_utils - INFO - encrypting key [fc1.weight].length : 48000, cost time : 6m 19s
2024-10-17 09:26:23,357 - fed_utils - INFO - encrypting key [fc1.bias].length : 120, cost time : 0m 0s
2024-10-17 09:27:42,940 - fed_utils - INFO - encrypting key [fc2.weight].length : 10080, cost time : 1m 19s
2024-10-17 09:27:43,609 - fed_utils - INFO - encrypting key [fc2.bias].length : 84, cost time : 0m 0s
2024-10-17 09:27:50,400 - fed_utils - INFO - encrypting key [fc3.weight].length : 840, cost time : 0m 6s
2024-10-17 09:27:50,479 - fed_utils - INFO - encrypting key [fc3.bias].length : 10, cost time : 0m 0s
2024-10-17 09:27:50,479 - fl_main - INFO - Server receive client_dict[f_00002] info ...
2024-10-17 09:27:50,480 - fl_main - INFO - ----- client id [f_00003] -----
2024-10-17 09:27:50,481 - fl_main - INFO - client_dict[f_00003] training ...
2024-10-17 09:27:50,481 - client_base - INFO - client_dict[f_00003] training epoch : 0
2024-10-17 09:27:51,305 - fl_main - INFO - client_dict[f_00003] local model encrypting ...
2024-10-17 09:27:52,489 - fed_utils - INFO - encrypting key [conv1.weight].length : 150, cost time : 0m 1s
2024-10-17 09:27:52,537 - fed_utils - INFO - encrypting key [conv1.bias].length : 6, cost time : 0m 0s
2024-10-17 09:28:11,474 - fed_utils - INFO - encrypting key [conv2.weight].length : 2400, cost time : 0m 18s
2024-10-17 09:28:11,611 - fed_utils - INFO - encrypting key [conv2.bias].length : 16, cost time : 0m 0s
2024-10-17 09:34:31,472 - fed_utils - INFO - encrypting key [fc1.weight].length : 48000, cost time : 6m 19s
2024-10-17 09:34:32,433 - fed_utils - INFO - encrypting key [fc1.bias].length : 120, cost time : 0m 0s
2024-10-17 09:35:52,111 - fed_utils - INFO - encrypting key [fc2.weight].length : 10080, cost time : 1m 19s
2024-10-17 09:35:52,784 - fed_utils - INFO - encrypting key [fc2.bias].length : 84, cost time : 0m 0s
2024-10-17 09:35:59,406 - fed_utils - INFO - encrypting key [fc3.weight].length : 840, cost time : 0m 6s
2024-10-17 09:35:59,485 - fed_utils - INFO - encrypting key [fc3.bias].length : 10, cost time : 0m 0s
2024-10-17 09:35:59,485 - fl_main - INFO - Server receive client_dict[f_00003] info ...
2024-10-17 09:35:59,486 - fl_main - INFO - ----- client id [f_00004] -----
2024-10-17 09:35:59,487 - fl_main - INFO - client_dict[f_00004] training ...
2024-10-17 09:35:59,487 - client_base - INFO - client_dict[f_00004] training epoch : 0
2024-10-17 09:36:00,289 - fl_main - INFO - client_dict[f_00004] local model encrypting ...
2024-10-17 09:36:01,473 - fed_utils - INFO - encrypting key [conv1.weight].length : 150, cost time : 0m 1s
2024-10-17 09:36:01,521 - fed_utils - INFO - encrypting key [conv1.bias].length : 6, cost time : 0m 0s
2024-10-17 09:36:20,461 - fed_utils - INFO - encrypting key [conv2.weight].length : 2400, cost time : 0m 18s
2024-10-17 09:36:20,599 - fed_utils - INFO - encrypting key [conv2.bias].length : 16, cost time : 0m 0s
2024-10-17 09:42:39,696 - fed_utils - INFO - encrypting key [fc1.weight].length : 48000, cost time : 6m 19s
2024-10-17 09:42:40,649 - fed_utils - INFO - encrypting key [fc1.bias].length : 120, cost time : 0m 0s
2024-10-17 09:44:00,588 - fed_utils - INFO - encrypting key [fc2.weight].length : 10080, cost time : 1m 19s
2024-10-17 09:44:01,262 - fed_utils - INFO - encrypting key [fc2.bias].length : 84, cost time : 0m 0s
2024-10-17 09:44:07,909 - fed_utils - INFO - encrypting key [fc3.weight].length : 840, cost time : 0m 6s
2024-10-17 09:44:07,989 - fed_utils - INFO - encrypting key [fc3.bias].length : 10, cost time : 0m 0s
2024-10-17 09:44:07,989 - fl_main - INFO - Server receive client_dict[f_00004] info ...
2024-10-17 09:44:07,990 - fl_main - INFO - global aggregation process ...
2024-10-17 09:44:07,990 - fed_utils - INFO - server.n_data : 60000
2024-10-17 09:44:07,990 - fed_utils - INFO - client_dict[f_00000].weight : 0.200000
2024-10-17 09:44:07,990 - fed_utils - INFO - client_dict[f_00001].weight : 0.200000
2024-10-17 09:44:07,990 - fed_utils - INFO - client_dict[f_00002].weight : 0.200000
2024-10-17 09:44:07,990 - fed_utils - INFO - client_dict[f_00003].weight : 0.200000
2024-10-17 09:44:07,990 - fed_utils - INFO - client_dict[f_00004].weight : 0.200000
2024-10-17 09:44:07,990 - fed_utils - INFO - recover secret number by clients: 722.400000
2024-10-17 09:44:07,990 - server_base - INFO - Server aggregate model with homomorphic encryption ...
2024-10-17 09:45:35,454 - fed_utils - INFO - decrypting key [conv1.weight].shape [torch.Size([6, 1, 5, 5])]
2024-10-17 09:45:35,468 - fed_utils - INFO - decrypting key [conv1.bias].shape [torch.Size([6])]
2024-10-17 09:45:40,920 - fed_utils - INFO - decrypting key [conv2.weight].shape [torch.Size([16, 6, 5, 5])]
2024-10-17 09:45:40,957 - fed_utils - INFO - decrypting key [conv2.bias].shape [torch.Size([16])]
2024-10-17 09:47:30,182 - fed_utils - INFO - decrypting key [fc1.weight].shape [torch.Size([120, 400])]
2024-10-17 09:47:30,455 - fed_utils - INFO - decrypting key [fc1.bias].shape [torch.Size([120])]
2024-10-17 09:47:53,420 - fed_utils - INFO - decrypting key [fc2.weight].shape [torch.Size([84, 120])]
2024-10-17 09:47:53,611 - fed_utils - INFO - decrypting key [fc2.bias].shape [torch.Size([84])]
2024-10-17 09:47:55,520 - fed_utils - INFO - decrypting key [fc3.weight].shape [torch.Size([10, 84])]
2024-10-17 09:47:55,542 - fed_utils - INFO - decrypting key [fc3.bias].shape [torch.Size([10])]
2024-10-17 09:47:55,576 - fl_main - INFO - global round : 1
2024-10-17 09:47:55,576 - fl_main - INFO - the random client id to test accuracy : f_00004
2024-10-17 09:47:55,576 - fl_main - INFO - ----- client id [f_00000] -----
2024-10-17 09:47:55,578 - fl_main - INFO - client_dict[f_00000] training ...
2024-10-17 09:47:55,596 - client_base - INFO - client_dict[f_00000] training epoch : 0
2024-10-17 09:47:56,409 - fl_main - INFO - client_dict[f_00000] local model encrypting ...
2024-10-17 09:47:57,594 - fed_utils - INFO - encrypting key [conv1.weight].length : 150, cost time : 0m 1s
2024-10-17 09:47:57,642 - fed_utils - INFO - encrypting key [conv1.bias].length : 6, cost time : 0m 0s
2024-10-17 09:48:16,913 - fed_utils - INFO - encrypting key [conv2.weight].length : 2400, cost time : 0m 19s
2024-10-17 09:48:17,049 - fed_utils - INFO - encrypting key [conv2.bias].length : 16, cost time : 0m 0s
2024-10-17 09:54:36,579 - fed_utils - INFO - encrypting key [fc1.weight].length : 48000, cost time : 6m 19s
2024-10-17 09:54:37,532 - fed_utils - INFO - encrypting key [fc1.bias].length : 120, cost time : 0m 0s
2024-10-17 09:55:57,220 - fed_utils - INFO - encrypting key [fc2.weight].length : 10080, cost time : 1m 19s
2024-10-17 09:55:57,895 - fed_utils - INFO - encrypting key [fc2.bias].length : 84, cost time : 0m 0s
2024-10-17 09:56:04,527 - fed_utils - INFO - encrypting key [fc3.weight].length : 840, cost time : 0m 6s
2024-10-17 09:56:04,606 - fed_utils - INFO - encrypting key [fc3.bias].length : 10, cost time : 0m 0s
2024-10-17 09:56:04,621 - fl_main - INFO - Server receive client_dict[f_00000] info ...
2024-10-17 09:56:04,622 - fl_main - INFO - ----- client id [f_00001] -----
2024-10-17 09:56:04,623 - fl_main - INFO - client_dict[f_00001] training ...
2024-10-17 09:56:04,624 - client_base - INFO - client_dict[f_00001] training epoch : 0
2024-10-17 09:56:05,435 - fl_main - INFO - client_dict[f_00001] local model encrypting ...
2024-10-17 09:56:06,621 - fed_utils - INFO - encrypting key [conv1.weight].length : 150, cost time : 0m 1s
2024-10-17 09:56:06,670 - fed_utils - INFO - encrypting key [conv1.bias].length : 6, cost time : 0m 0s
2024-10-17 09:56:25,769 - fed_utils - INFO - encrypting key [conv2.weight].length : 2400, cost time : 0m 19s
2024-10-17 09:56:25,907 - fed_utils - INFO - encrypting key [conv2.bias].length : 16, cost time : 0m 0s
2024-10-17 10:02:45,209 - fed_utils - INFO - encrypting key [fc1.weight].length : 48000, cost time : 6m 19s
2024-10-17 10:02:46,165 - fed_utils - INFO - encrypting key [fc1.bias].length : 120, cost time : 0m 0s
2024-10-17 10:04:05,809 - fed_utils - INFO - encrypting key [fc2.weight].length : 10080, cost time : 1m 19s
2024-10-17 10:04:06,478 - fed_utils - INFO - encrypting key [fc2.bias].length : 84, cost time : 0m 0s
2024-10-17 10:04:13,102 - fed_utils - INFO - encrypting key [fc3.weight].length : 840, cost time : 0m 6s
2024-10-17 10:04:13,181 - fed_utils - INFO - encrypting key [fc3.bias].length : 10, cost time : 0m 0s
2024-10-17 10:04:13,181 - fl_main - INFO - Server receive client_dict[f_00001] info ...
2024-10-17 10:04:13,181 - fl_main - INFO - ----- client id [f_00002] -----
2024-10-17 10:04:13,183 - fl_main - INFO - client_dict[f_00002] training ...
2024-10-17 10:04:13,183 - client_base - INFO - client_dict[f_00002] training epoch : 0
2024-10-17 10:04:13,995 - fl_main - INFO - client_dict[f_00002] local model encrypting ...
2024-10-17 10:04:15,179 - fed_utils - INFO - encrypting key [conv1.weight].length : 150, cost time : 0m 1s
2024-10-17 10:04:15,228 - fed_utils - INFO - encrypting key [conv1.bias].length : 6, cost time : 0m 0s
2024-10-17 10:04:34,172 - fed_utils - INFO - encrypting key [conv2.weight].length : 2400, cost time : 0m 18s
2024-10-17 10:04:34,309 - fed_utils - INFO - encrypting key [conv2.bias].length : 16, cost time : 0m 0s
2024-10-17 10:10:53,575 - fed_utils - INFO - encrypting key [fc1.weight].length : 48000, cost time : 6m 19s
2024-10-17 10:10:54,530 - fed_utils - INFO - encrypting key [fc1.bias].length : 120, cost time : 0m 0s
2024-10-17 10:12:14,485 - fed_utils - INFO - encrypting key [fc2.weight].length : 10080, cost time : 1m 19s
2024-10-17 10:12:15,163 - fed_utils - INFO - encrypting key [fc2.bias].length : 84, cost time : 0m 0s
2024-10-17 10:12:21,868 - fed_utils - INFO - encrypting key [fc3.weight].length : 840, cost time : 0m 6s
2024-10-17 10:12:21,947 - fed_utils - INFO - encrypting key [fc3.bias].length : 10, cost time : 0m 0s
2024-10-17 10:12:21,947 - fl_main - INFO - Server receive client_dict[f_00002] info ...
2024-10-17 10:12:21,947 - fl_main - INFO - ----- client id [f_00003] -----
2024-10-17 10:12:21,949 - fl_main - INFO - client_dict[f_00003] training ...
2024-10-17 10:12:21,950 - client_base - INFO - client_dict[f_00003] training epoch : 0
2024-10-17 10:12:22,767 - fl_main - INFO - client_dict[f_00003] local model encrypting ...
2024-10-17 10:12:23,953 - fed_utils - INFO - encrypting key [conv1.weight].length : 150, cost time : 0m 1s
2024-10-17 10:12:24,003 - fed_utils - INFO - encrypting key [conv1.bias].length : 6, cost time : 0m 0s
2024-10-17 10:12:43,269 - fed_utils - INFO - encrypting key [conv2.weight].length : 2400, cost time : 0m 19s
2024-10-17 10:12:43,407 - fed_utils - INFO - encrypting key [conv2.bias].length : 16, cost time : 0m 0s
2024-10-17 10:19:02,764 - fed_utils - INFO - encrypting key [fc1.weight].length : 48000, cost time : 6m 19s
2024-10-17 10:19:03,717 - fed_utils - INFO - encrypting key [fc1.bias].length : 120, cost time : 0m 0s
2024-10-17 10:20:23,698 - fed_utils - INFO - encrypting key [fc2.weight].length : 10080, cost time : 1m 19s
2024-10-17 10:20:24,378 - fed_utils - INFO - encrypting key [fc2.bias].length : 84, cost time : 0m 0s
2024-10-17 10:20:30,998 - fed_utils - INFO - encrypting key [fc3.weight].length : 840, cost time : 0m 6s
2024-10-17 10:20:31,078 - fed_utils - INFO - encrypting key [fc3.bias].length : 10, cost time : 0m 0s
2024-10-17 10:20:31,078 - fl_main - INFO - Server receive client_dict[f_00003] info ...
2024-10-17 10:20:31,078 - fl_main - INFO - ----- client id [f_00004] -----
2024-10-17 10:20:31,897 - fl_main - INFO - global round [1] client_dict[f_00004].accuracy : 0.370400
2024-10-17 10:20:31,898 - fl_main - INFO - client_dict[f_00004] training ...
2024-10-17 10:20:31,898 - client_base - INFO - client_dict[f_00004] training epoch : 0
2024-10-17 10:20:32,730 - fl_main - INFO - client_dict[f_00004] local model encrypting ...
2024-10-17 10:20:34,005 - fed_utils - INFO - encrypting key [conv1.weight].length : 150, cost time : 0m 1s
2024-10-17 10:20:34,085 - fed_utils - INFO - encrypting key [conv1.bias].length : 6, cost time : 0m 0s
2024-10-17 10:20:53,040 - fed_utils - INFO - encrypting key [conv2.weight].length : 2400, cost time : 0m 18s
2024-10-17 10:20:53,176 - fed_utils - INFO - encrypting key [conv2.bias].length : 16, cost time : 0m 0s
2024-10-17 10:27:12,684 - fed_utils - INFO - encrypting key [fc1.weight].length : 48000, cost time : 6m 19s
2024-10-17 10:27:13,642 - fed_utils - INFO - encrypting key [fc1.bias].length : 120, cost time : 0m 0s
2024-10-17 10:28:33,130 - fed_utils - INFO - encrypting key [fc2.weight].length : 10080, cost time : 1m 19s
2024-10-17 10:28:33,804 - fed_utils - INFO - encrypting key [fc2.bias].length : 84, cost time : 0m 0s
2024-10-17 10:28:40,428 - fed_utils - INFO - encrypting key [fc3.weight].length : 840, cost time : 0m 6s
2024-10-17 10:28:40,508 - fed_utils - INFO - encrypting key [fc3.bias].length : 10, cost time : 0m 0s
2024-10-17 10:28:40,508 - fl_main - INFO - Server receive client_dict[f_00004] info ...
2024-10-17 10:28:40,508 - fl_main - INFO - global aggregation process ...
2024-10-17 10:28:40,508 - fed_utils - INFO - server.n_data : 60000
2024-10-17 10:28:40,508 - fed_utils - INFO - client_dict[f_00000].weight : 0.200000
2024-10-17 10:28:40,508 - fed_utils - INFO - client_dict[f_00001].weight : 0.200000
2024-10-17 10:28:40,508 - fed_utils - INFO - client_dict[f_00002].weight : 0.200000
2024-10-17 10:28:40,508 - fed_utils - INFO - client_dict[f_00003].weight : 0.200000
2024-10-17 10:28:40,508 - fed_utils - INFO - client_dict[f_00004].weight : 0.200000
2024-10-17 10:28:40,508 - fed_utils - INFO - recover secret number by clients: 722.400000
2024-10-17 10:28:40,508 - server_base - INFO - Server aggregate model with homomorphic encryption ...
2024-10-17 10:30:07,971 - fed_utils - INFO - decrypting key [conv1.weight].shape [torch.Size([6, 1, 5, 5])]
2024-10-17 10:30:07,984 - fed_utils - INFO - decrypting key [conv1.bias].shape [torch.Size([6])]
2024-10-17 10:30:13,437 - fed_utils - INFO - decrypting key [conv2.weight].shape [torch.Size([16, 6, 5, 5])]
2024-10-17 10:30:13,473 - fed_utils - INFO - decrypting key [conv2.bias].shape [torch.Size([16])]
2024-10-17 10:32:02,501 - fed_utils - INFO - decrypting key [fc1.weight].shape [torch.Size([120, 400])]
2024-10-17 10:32:02,775 - fed_utils - INFO - decrypting key [fc1.bias].shape [torch.Size([120])]
2024-10-17 10:32:25,742 - fed_utils - INFO - decrypting key [fc2.weight].shape [torch.Size([84, 120])]
2024-10-17 10:32:25,933 - fed_utils - INFO - decrypting key [fc2.bias].shape [torch.Size([84])]
2024-10-17 10:32:27,842 - fed_utils - INFO - decrypting key [fc3.weight].shape [torch.Size([10, 84])]
2024-10-17 10:32:27,864 - fed_utils - INFO - decrypting key [fc3.bias].shape [torch.Size([10])]
2024-10-17 10:32:27,898 - fl_main - INFO - global round : 2
2024-10-17 10:32:27,898 - fl_main - INFO - the random client id to test accuracy : f_00004
2024-10-17 10:32:27,898 - fl_main - INFO - ----- client id [f_00000] -----
2024-10-17 10:32:27,899 - fl_main - INFO - client_dict[f_00000] training ...
2024-10-17 10:32:27,916 - client_base - INFO - client_dict[f_00000] training epoch : 0
2024-10-17 10:32:28,742 - fl_main - INFO - client_dict[f_00000] local model encrypting ...
2024-10-17 10:32:29,925 - fed_utils - INFO - encrypting key [conv1.weight].length : 150, cost time : 0m 1s
2024-10-17 10:32:29,974 - fed_utils - INFO - encrypting key [conv1.bias].length : 6, cost time : 0m 0s
2024-10-17 10:32:48,947 - fed_utils - INFO - encrypting key [conv2.weight].length : 2400, cost time : 0m 18s
2024-10-17 10:32:49,083 - fed_utils - INFO - encrypting key [conv2.bias].length : 16, cost time : 0m 0s
2024-10-17 10:39:08,165 - fed_utils - INFO - encrypting key [fc1.weight].length : 48000, cost time : 6m 19s
2024-10-17 10:39:09,122 - fed_utils - INFO - encrypting key [fc1.bias].length : 120, cost time : 0m 0s
2024-10-17 10:40:28,883 - fed_utils - INFO - encrypting key [fc2.weight].length : 10080, cost time : 1m 19s
2024-10-17 10:40:29,557 - fed_utils - INFO - encrypting key [fc2.bias].length : 84, cost time : 0m 0s
2024-10-17 10:40:36,189 - fed_utils - INFO - encrypting key [fc3.weight].length : 840, cost time : 0m 6s
2024-10-17 10:40:36,268 - fed_utils - INFO - encrypting key [fc3.bias].length : 10, cost time : 0m 0s
2024-10-17 10:40:36,283 - fl_main - INFO - Server receive client_dict[f_00000] info ...
2024-10-17 10:40:36,283 - fl_main - INFO - ----- client id [f_00001] -----
2024-10-17 10:40:36,285 - fl_main - INFO - client_dict[f_00001] training ...
2024-10-17 10:40:36,285 - client_base - INFO - client_dict[f_00001] training epoch : 0
2024-10-17 10:40:37,117 - fl_main - INFO - client_dict[f_00001] local model encrypting ...
2024-10-17 10:40:38,304 - fed_utils - INFO - encrypting key [conv1.weight].length : 150, cost time : 0m 1s
2024-10-17 10:40:38,353 - fed_utils - INFO - encrypting key [conv1.bias].length : 6, cost time : 0m 0s
2024-10-17 10:40:57,387 - fed_utils - INFO - encrypting key [conv2.weight].length : 2400, cost time : 0m 19s
2024-10-17 10:40:57,523 - fed_utils - INFO - encrypting key [conv2.bias].length : 16, cost time : 0m 0s
2024-10-17 10:47:16,734 - fed_utils - INFO - encrypting key [fc1.weight].length : 48000, cost time : 6m 19s
2024-10-17 10:47:17,690 - fed_utils - INFO - encrypting key [fc1.bias].length : 120, cost time : 0m 0s
2024-10-17 10:48:37,342 - fed_utils - INFO - encrypting key [fc2.weight].length : 10080, cost time : 1m 19s
2024-10-17 10:48:38,011 - fed_utils - INFO - encrypting key [fc2.bias].length : 84, cost time : 0m 0s
2024-10-17 10:48:44,658 - fed_utils - INFO - encrypting key [fc3.weight].length : 840, cost time : 0m 6s
2024-10-17 10:48:44,738 - fed_utils - INFO - encrypting key [fc3.bias].length : 10, cost time : 0m 0s
2024-10-17 10:48:44,738 - fl_main - INFO - Server receive client_dict[f_00001] info ...
2024-10-17 10:48:44,738 - fl_main - INFO - ----- client id [f_00002] -----
2024-10-17 10:48:44,739 - fl_main - INFO - client_dict[f_00002] training ...
2024-10-17 10:48:44,740 - client_base - INFO - client_dict[f_00002] training epoch : 0
2024-10-17 10:48:45,571 - fl_main - INFO - client_dict[f_00002] local model encrypting ...
2024-10-17 10:48:46,754 - fed_utils - INFO - encrypting key [conv1.weight].length : 150, cost time : 0m 1s
2024-10-17 10:48:46,802 - fed_utils - INFO - encrypting key [conv1.bias].length : 6, cost time : 0m 0s
2024-10-17 10:49:05,720 - fed_utils - INFO - encrypting key [conv2.weight].length : 2400, cost time : 0m 18s
2024-10-17 10:49:05,862 - fed_utils - INFO - encrypting key [conv2.bias].length : 16, cost time : 0m 0s
2024-10-17 10:55:25,707 - fed_utils - INFO - encrypting key [fc1.weight].length : 48000, cost time : 6m 19s
2024-10-17 10:55:26,660 - fed_utils - INFO - encrypting key [fc1.bias].length : 120, cost time : 0m 0s
2024-10-17 10:56:46,202 - fed_utils - INFO - encrypting key [fc2.weight].length : 10080, cost time : 1m 19s
2024-10-17 10:56:46,872 - fed_utils - INFO - encrypting key [fc2.bias].length : 84, cost time : 0m 0s
2024-10-17 10:56:53,510 - fed_utils - INFO - encrypting key [fc3.weight].length : 840, cost time : 0m 6s
2024-10-17 10:56:53,589 - fed_utils - INFO - encrypting key [fc3.bias].length : 10, cost time : 0m 0s
2024-10-17 10:56:53,589 - fl_main - INFO - Server receive client_dict[f_00002] info ...
2024-10-17 10:56:53,590 - fl_main - INFO - ----- client id [f_00003] -----
2024-10-17 10:56:53,591 - fl_main - INFO - client_dict[f_00003] training ...
2024-10-17 10:56:53,592 - client_base - INFO - client_dict[f_00003] training epoch : 0
2024-10-17 10:56:54,413 - fl_main - INFO - client_dict[f_00003] local model encrypting ...
2024-10-17 10:56:55,597 - fed_utils - INFO - encrypting key [conv1.weight].length : 150, cost time : 0m 1s
2024-10-17 10:56:55,646 - fed_utils - INFO - encrypting key [conv1.bias].length : 6, cost time : 0m 0s
2024-10-17 10:57:14,736 - fed_utils - INFO - encrypting key [conv2.weight].length : 2400, cost time : 0m 19s
2024-10-17 10:57:14,872 - fed_utils - INFO - encrypting key [conv2.bias].length : 16, cost time : 0m 0s
2024-10-17 11:03:34,185 - fed_utils - INFO - encrypting key [fc1.weight].length : 48000, cost time : 6m 19s
2024-10-17 11:03:35,142 - fed_utils - INFO - encrypting key [fc1.bias].length : 120, cost time : 0m 0s
2024-10-17 11:04:55,302 - fed_utils - INFO - encrypting key [fc2.weight].length : 10080, cost time : 1m 20s
2024-10-17 11:04:55,974 - fed_utils - INFO - encrypting key [fc2.bias].length : 84, cost time : 0m 0s
2024-10-17 11:05:02,616 - fed_utils - INFO - encrypting key [fc3.weight].length : 840, cost time : 0m 6s
2024-10-17 11:05:02,696 - fed_utils - INFO - encrypting key [fc3.bias].length : 10, cost time : 0m 0s
2024-10-17 11:05:02,696 - fl_main - INFO - Server receive client_dict[f_00003] info ...
2024-10-17 11:05:02,697 - fl_main - INFO - ----- client id [f_00004] -----
2024-10-17 11:05:03,519 - fl_main - INFO - global round [2] client_dict[f_00004].accuracy : 0.688200
2024-10-17 11:05:03,519 - fl_main - INFO - client_dict[f_00004] training ...
2024-10-17 11:05:03,520 - client_base - INFO - client_dict[f_00004] training epoch : 0
2024-10-17 11:05:04,335 - fl_main - INFO - client_dict[f_00004] local model encrypting ...
2024-10-17 11:05:05,519 - fed_utils - INFO - encrypting key [conv1.weight].length : 150, cost time : 0m 1s
2024-10-17 11:05:05,568 - fed_utils - INFO - encrypting key [conv1.bias].length : 6, cost time : 0m 0s
2024-10-17 11:05:24,520 - fed_utils - INFO - encrypting key [conv2.weight].length : 2400, cost time : 0m 18s
2024-10-17 11:05:24,657 - fed_utils - INFO - encrypting key [conv2.bias].length : 16, cost time : 0m 0s
2024-10-17 11:11:45,231 - fed_utils - INFO - encrypting key [fc1.weight].length : 48000, cost time : 6m 20s
2024-10-17 11:11:46,196 - fed_utils - INFO - encrypting key [fc1.bias].length : 120, cost time : 0m 0s
2024-10-17 11:13:05,887 - fed_utils - INFO - encrypting key [fc2.weight].length : 10080, cost time : 1m 19s
2024-10-17 11:13:06,559 - fed_utils - INFO - encrypting key [fc2.bias].length : 84, cost time : 0m 0s
2024-10-17 11:13:13,197 - fed_utils - INFO - encrypting key [fc3.weight].length : 840, cost time : 0m 6s
2024-10-17 11:13:13,277 - fed_utils - INFO - encrypting key [fc3.bias].length : 10, cost time : 0m 0s
2024-10-17 11:13:13,277 - fl_main - INFO - Server receive client_dict[f_00004] info ...
2024-10-17 11:13:13,277 - fl_main - INFO - global aggregation process ...
2024-10-17 11:13:13,277 - fed_utils - INFO - server.n_data : 60000
2024-10-17 11:13:13,277 - fed_utils - INFO - client_dict[f_00000].weight : 0.200000
2024-10-17 11:13:13,277 - fed_utils - INFO - client_dict[f_00001].weight : 0.200000
2024-10-17 11:13:13,277 - fed_utils - INFO - client_dict[f_00002].weight : 0.200000
2024-10-17 11:13:13,277 - fed_utils - INFO - client_dict[f_00003].weight : 0.200000
2024-10-17 11:13:13,277 - fed_utils - INFO - client_dict[f_00004].weight : 0.200000
2024-10-17 11:13:13,277 - fed_utils - INFO - recover secret number by clients: 722.400000
2024-10-17 11:13:13,277 - server_base - INFO - Server aggregate model with homomorphic encryption ...
2024-10-17 11:14:40,650 - fed_utils - INFO - decrypting key [conv1.weight].shape [torch.Size([6, 1, 5, 5])]
2024-10-17 11:14:40,664 - fed_utils - INFO - decrypting key [conv1.bias].shape [torch.Size([6])]
2024-10-17 11:14:46,116 - fed_utils - INFO - decrypting key [conv2.weight].shape [torch.Size([16, 6, 5, 5])]
2024-10-17 11:14:46,153 - fed_utils - INFO - decrypting key [conv2.bias].shape [torch.Size([16])]
2024-10-17 11:16:35,433 - fed_utils - INFO - decrypting key [fc1.weight].shape [torch.Size([120, 400])]
2024-10-17 11:16:35,706 - fed_utils - INFO - decrypting key [fc1.bias].shape [torch.Size([120])]
2024-10-17 11:16:58,612 - fed_utils - INFO - decrypting key [fc2.weight].shape [torch.Size([84, 120])]
2024-10-17 11:16:58,803 - fed_utils - INFO - decrypting key [fc2.bias].shape [torch.Size([84])]
2024-10-17 11:17:00,712 - fed_utils - INFO - decrypting key [fc3.weight].shape [torch.Size([10, 84])]
2024-10-17 11:17:00,735 - fed_utils - INFO - decrypting key [fc3.bias].shape [torch.Size([10])]
2024-10-17 11:17:00,768 - fl_main - INFO - global round : 3
2024-10-17 11:17:00,768 - fl_main - INFO - the random client id to test accuracy : f_00003
2024-10-17 11:17:00,768 - fl_main - INFO - ----- client id [f_00000] -----
2024-10-17 11:17:00,769 - fl_main - INFO - client_dict[f_00000] training ...
2024-10-17 11:17:00,785 - client_base - INFO - client_dict[f_00000] training epoch : 0
2024-10-17 11:17:01,600 - fl_main - INFO - client_dict[f_00000] local model encrypting ...
2024-10-17 11:17:02,784 - fed_utils - INFO - encrypting key [conv1.weight].length : 150, cost time : 0m 1s
2024-10-17 11:17:02,833 - fed_utils - INFO - encrypting key [conv1.bias].length : 6, cost time : 0m 0s
2024-10-17 11:17:21,816 - fed_utils - INFO - encrypting key [conv2.weight].length : 2400, cost time : 0m 18s
2024-10-17 11:17:21,952 - fed_utils - INFO - encrypting key [conv2.bias].length : 16, cost time : 0m 0s
2024-10-17 11:23:42,325 - fed_utils - INFO - encrypting key [fc1.weight].length : 48000, cost time : 6m 20s
2024-10-17 11:23:43,283 - fed_utils - INFO - encrypting key [fc1.bias].length : 120, cost time : 0m 0s
2024-10-17 11:25:03,028 - fed_utils - INFO - encrypting key [fc2.weight].length : 10080, cost time : 1m 19s
2024-10-17 11:25:03,707 - fed_utils - INFO - encrypting key [fc2.bias].length : 84, cost time : 0m 0s
2024-10-17 11:25:10,470 - fed_utils - INFO - encrypting key [fc3.weight].length : 840, cost time : 0m 6s
2024-10-17 11:25:10,550 - fed_utils - INFO - encrypting key [fc3.bias].length : 10, cost time : 0m 0s
2024-10-17 11:25:10,563 - fl_main - INFO - Server receive client_dict[f_00000] info ...
2024-10-17 11:25:10,563 - fl_main - INFO - ----- client id [f_00001] -----
2024-10-17 11:25:10,565 - fl_main - INFO - client_dict[f_00001] training ...
2024-10-17 11:25:10,565 - client_base - INFO - client_dict[f_00001] training epoch : 0
2024-10-17 11:25:11,383 - fl_main - INFO - client_dict[f_00001] local model encrypting ...
2024-10-17 11:25:12,565 - fed_utils - INFO - encrypting key [conv1.weight].length : 150, cost time : 0m 1s
2024-10-17 11:25:12,614 - fed_utils - INFO - encrypting key [conv1.bias].length : 6, cost time : 0m 0s
2024-10-17 11:25:31,600 - fed_utils - INFO - encrypting key [conv2.weight].length : 2400, cost time : 0m 18s
2024-10-17 11:25:31,738 - fed_utils - INFO - encrypting key [conv2.bias].length : 16, cost time : 0m 0s
2024-10-17 11:31:50,968 - fed_utils - INFO - encrypting key [fc1.weight].length : 48000, cost time : 6m 19s
2024-10-17 11:31:51,932 - fed_utils - INFO - encrypting key [fc1.bias].length : 120, cost time : 0m 0s
2024-10-17 11:33:11,775 - fed_utils - INFO - encrypting key [fc2.weight].length : 10080, cost time : 1m 19s
2024-10-17 11:33:12,449 - fed_utils - INFO - encrypting key [fc2.bias].length : 84, cost time : 0m 0s
2024-10-17 11:33:19,096 - fed_utils - INFO - encrypting key [fc3.weight].length : 840, cost time : 0m 6s
2024-10-17 11:33:19,176 - fed_utils - INFO - encrypting key [fc3.bias].length : 10, cost time : 0m 0s
2024-10-17 11:33:19,176 - fl_main - INFO - Server receive client_dict[f_00001] info ...
2024-10-17 11:33:19,177 - fl_main - INFO - ----- client id [f_00002] -----
2024-10-17 11:33:19,178 - fl_main - INFO - client_dict[f_00002] training ...
2024-10-17 11:33:19,179 - client_base - INFO - client_dict[f_00002] training epoch : 0
2024-10-17 11:33:20,033 - fl_main - INFO - client_dict[f_00002] local model encrypting ...
2024-10-17 11:33:21,218 - fed_utils - INFO - encrypting key [conv1.weight].length : 150, cost time : 0m 1s
2024-10-17 11:33:21,267 - fed_utils - INFO - encrypting key [conv1.bias].length : 6, cost time : 0m 0s
2024-10-17 11:33:40,227 - fed_utils - INFO - encrypting key [conv2.weight].length : 2400, cost time : 0m 18s
2024-10-17 11:33:40,364 - fed_utils - INFO - encrypting key [conv2.bias].length : 16, cost time : 0m 0s
2024-10-17 11:40:00,297 - fed_utils - INFO - encrypting key [fc1.weight].length : 48000, cost time : 6m 19s
2024-10-17 11:40:01,255 - fed_utils - INFO - encrypting key [fc1.bias].length : 120, cost time : 0m 0s
2024-10-17 11:41:21,226 - fed_utils - INFO - encrypting key [fc2.weight].length : 10080, cost time : 1m 19s
2024-10-17 11:41:21,906 - fed_utils - INFO - encrypting key [fc2.bias].length : 84, cost time : 0m 0s
2024-10-17 11:41:28,534 - fed_utils - INFO - encrypting key [fc3.weight].length : 840, cost time : 0m 6s
2024-10-17 11:41:28,614 - fed_utils - INFO - encrypting key [fc3.bias].length : 10, cost time : 0m 0s
2024-10-17 11:41:28,614 - fl_main - INFO - Server receive client_dict[f_00002] info ...
2024-10-17 11:41:28,614 - fl_main - INFO - ----- client id [f_00003] -----
2024-10-17 11:41:29,438 - fl_main - INFO - global round [3] client_dict[f_00003].accuracy : 0.868800
2024-10-17 11:41:29,438 - fl_main - INFO - client_dict[f_00003] training ...
2024-10-17 11:41:29,438 - client_base - INFO - client_dict[f_00003] training epoch : 0
2024-10-17 11:41:30,252 - fl_main - INFO - client_dict[f_00003] local model encrypting ...
2024-10-17 11:41:31,436 - fed_utils - INFO - encrypting key [conv1.weight].length : 150, cost time : 0m 1s
2024-10-17 11:41:31,485 - fed_utils - INFO - encrypting key [conv1.bias].length : 6, cost time : 0m 0s
2024-10-17 11:41:50,420 - fed_utils - INFO - encrypting key [conv2.weight].length : 2400, cost time : 0m 18s
2024-10-17 11:41:50,557 - fed_utils - INFO - encrypting key [conv2.bias].length : 16, cost time : 0m 0s
2024-10-17 11:48:10,059 - fed_utils - INFO - encrypting key [fc1.weight].length : 48000, cost time : 6m 19s
2024-10-17 11:48:11,012 - fed_utils - INFO - encrypting key [fc1.bias].length : 120, cost time : 0m 0s
2024-10-17 11:49:30,689 - fed_utils - INFO - encrypting key [fc2.weight].length : 10080, cost time : 1m 19s
2024-10-17 11:49:31,358 - fed_utils - INFO - encrypting key [fc2.bias].length : 84, cost time : 0m 0s
2024-10-17 11:49:37,981 - fed_utils - INFO - encrypting key [fc3.weight].length : 840, cost time : 0m 6s
2024-10-17 11:49:38,061 - fed_utils - INFO - encrypting key [fc3.bias].length : 10, cost time : 0m 0s
2024-10-17 11:49:38,061 - fl_main - INFO - Server receive client_dict[f_00003] info ...
2024-10-17 11:49:38,061 - fl_main - INFO - ----- client id [f_00004] -----
2024-10-17 11:49:38,062 - fl_main - INFO - client_dict[f_00004] training ...
2024-10-17 11:49:38,063 - client_base - INFO - client_dict[f_00004] training epoch : 0
2024-10-17 11:49:39,142 - fl_main - INFO - client_dict[f_00004] local model encrypting ...
2024-10-17 11:49:40,325 - fed_utils - INFO - encrypting key [conv1.weight].length : 150, cost time : 0m 1s
2024-10-17 11:49:40,374 - fed_utils - INFO - encrypting key [conv1.bias].length : 6, cost time : 0m 0s
2024-10-17 11:49:59,470 - fed_utils - INFO - encrypting key [conv2.weight].length : 2400, cost time : 0m 19s
2024-10-17 11:49:59,607 - fed_utils - INFO - encrypting key [conv2.bias].length : 16, cost time : 0m 0s
2024-10-17 11:56:18,545 - fed_utils - INFO - encrypting key [fc1.weight].length : 48000, cost time : 6m 18s
2024-10-17 11:56:19,502 - fed_utils - INFO - encrypting key [fc1.bias].length : 120, cost time : 0m 0s
2024-10-17 11:57:39,177 - fed_utils - INFO - encrypting key [fc2.weight].length : 10080, cost time : 1m 19s
2024-10-17 11:57:39,846 - fed_utils - INFO - encrypting key [fc2.bias].length : 84, cost time : 0m 0s
2024-10-17 11:57:46,470 - fed_utils - INFO - encrypting key [fc3.weight].length : 840, cost time : 0m 6s
2024-10-17 11:57:46,549 - fed_utils - INFO - encrypting key [fc3.bias].length : 10, cost time : 0m 0s
2024-10-17 11:57:46,549 - fl_main - INFO - Server receive client_dict[f_00004] info ...
2024-10-17 11:57:46,549 - fl_main - INFO - global aggregation process ...
2024-10-17 11:57:46,550 - fed_utils - INFO - server.n_data : 60000
2024-10-17 11:57:46,550 - fed_utils - INFO - client_dict[f_00000].weight : 0.200000
2024-10-17 11:57:46,550 - fed_utils - INFO - client_dict[f_00001].weight : 0.200000
2024-10-17 11:57:46,550 - fed_utils - INFO - client_dict[f_00002].weight : 0.200000
2024-10-17 11:57:46,550 - fed_utils - INFO - client_dict[f_00003].weight : 0.200000
2024-10-17 11:57:46,550 - fed_utils - INFO - client_dict[f_00004].weight : 0.200000
2024-10-17 11:57:46,550 - fed_utils - INFO - recover secret number by clients: 722.400000
2024-10-17 11:57:46,550 - server_base - INFO - Server aggregate model with homomorphic encryption ...
2024-10-17 11:59:13,928 - fed_utils - INFO - decrypting key [conv1.weight].shape [torch.Size([6, 1, 5, 5])]
2024-10-17 11:59:13,942 - fed_utils - INFO - decrypting key [conv1.bias].shape [torch.Size([6])]
2024-10-17 11:59:19,541 - fed_utils - INFO - decrypting key [conv2.weight].shape [torch.Size([16, 6, 5, 5])]
2024-10-17 11:59:19,578 - fed_utils - INFO - decrypting key [conv2.bias].shape [torch.Size([16])]
2024-10-17 12:01:08,765 - fed_utils - INFO - decrypting key [fc1.weight].shape [torch.Size([120, 400])]
2024-10-17 12:01:09,038 - fed_utils - INFO - decrypting key [fc1.bias].shape [torch.Size([120])]
2024-10-17 12:01:32,080 - fed_utils - INFO - decrypting key [fc2.weight].shape [torch.Size([84, 120])]
2024-10-17 12:01:32,272 - fed_utils - INFO - decrypting key [fc2.bias].shape [torch.Size([84])]
2024-10-17 12:01:34,202 - fed_utils - INFO - decrypting key [fc3.weight].shape [torch.Size([10, 84])]
2024-10-17 12:01:34,236 - fed_utils - INFO - decrypting key [fc3.bias].shape [torch.Size([10])]
2024-10-17 12:01:34,290 - fl_main - INFO - global round : 4
2024-10-17 12:01:34,291 - fl_main - INFO - the random client id to test accuracy : f_00002
2024-10-17 12:01:34,291 - fl_main - INFO - ----- client id [f_00000] -----
2024-10-17 12:01:34,293 - fl_main - INFO - client_dict[f_00000] training ...
2024-10-17 12:01:34,303 - client_base - INFO - client_dict[f_00000] training epoch : 0
2024-10-17 12:01:35,146 - fl_main - INFO - client_dict[f_00000] local model encrypting ...
2024-10-17 12:01:36,331 - fed_utils - INFO - encrypting key [conv1.weight].length : 150, cost time : 0m 1s
2024-10-17 12:01:36,380 - fed_utils - INFO - encrypting key [conv1.bias].length : 6, cost time : 0m 0s
2024-10-17 12:01:55,377 - fed_utils - INFO - encrypting key [conv2.weight].length : 2400, cost time : 0m 18s
2024-10-17 12:01:55,517 - fed_utils - INFO - encrypting key [conv2.bias].length : 16, cost time : 0m 0s
2024-10-17 12:08:14,962 - fed_utils - INFO - encrypting key [fc1.weight].length : 48000, cost time : 6m 19s
2024-10-17 12:08:15,914 - fed_utils - INFO - encrypting key [fc1.bias].length : 120, cost time : 0m 0s
2024-10-17 12:09:35,425 - fed_utils - INFO - encrypting key [fc2.weight].length : 10080, cost time : 1m 19s
2024-10-17 12:09:36,098 - fed_utils - INFO - encrypting key [fc2.bias].length : 84, cost time : 0m 0s
2024-10-17 12:09:42,717 - fed_utils - INFO - encrypting key [fc3.weight].length : 840, cost time : 0m 6s
2024-10-17 12:09:42,797 - fed_utils - INFO - encrypting key [fc3.bias].length : 10, cost time : 0m 0s
2024-10-17 12:09:42,810 - fl_main - INFO - Server receive client_dict[f_00000] info ...
2024-10-17 12:09:42,810 - fl_main - INFO - ----- client id [f_00001] -----
2024-10-17 12:09:42,812 - fl_main - INFO - client_dict[f_00001] training ...
2024-10-17 12:09:42,812 - client_base - INFO - client_dict[f_00001] training epoch : 0
2024-10-17 12:09:43,627 - fl_main - INFO - client_dict[f_00001] local model encrypting ...
2024-10-17 12:09:44,812 - fed_utils - INFO - encrypting key [conv1.weight].length : 150, cost time : 0m 1s
2024-10-17 12:09:44,860 - fed_utils - INFO - encrypting key [conv1.bias].length : 6, cost time : 0m 0s
2024-10-17 12:10:03,922 - fed_utils - INFO - encrypting key [conv2.weight].length : 2400, cost time : 0m 19s
2024-10-17 12:10:04,058 - fed_utils - INFO - encrypting key [conv2.bias].length : 16, cost time : 0m 0s
2024-10-17 12:16:23,683 - fed_utils - INFO - encrypting key [fc1.weight].length : 48000, cost time : 6m 19s
2024-10-17 12:16:24,640 - fed_utils - INFO - encrypting key [fc1.bias].length : 120, cost time : 0m 0s
2024-10-17 12:17:44,160 - fed_utils - INFO - encrypting key [fc2.weight].length : 10080, cost time : 1m 19s
2024-10-17 12:17:44,830 - fed_utils - INFO - encrypting key [fc2.bias].length : 84, cost time : 0m 0s
2024-10-17 12:17:51,458 - fed_utils - INFO - encrypting key [fc3.weight].length : 840, cost time : 0m 6s
2024-10-17 12:17:51,538 - fed_utils - INFO - encrypting key [fc3.bias].length : 10, cost time : 0m 0s
2024-10-17 12:17:51,538 - fl_main - INFO - Server receive client_dict[f_00001] info ...
2024-10-17 12:17:51,538 - fl_main - INFO - ----- client id [f_00002] -----
2024-10-17 12:17:52,352 - fl_main - INFO - global round [4] client_dict[f_00002].accuracy : 0.906900
2024-10-17 12:17:52,352 - fl_main - INFO - client_dict[f_00002] training ...
2024-10-17 12:17:52,352 - client_base - INFO - client_dict[f_00002] training epoch : 0
2024-10-17 12:17:53,187 - fl_main - INFO - client_dict[f_00002] local model encrypting ...
2024-10-17 12:17:54,370 - fed_utils - INFO - encrypting key [conv1.weight].length : 150, cost time : 0m 1s
2024-10-17 12:17:54,419 - fed_utils - INFO - encrypting key [conv1.bias].length : 6, cost time : 0m 0s
2024-10-17 12:18:13,359 - fed_utils - INFO - encrypting key [conv2.weight].length : 2400, cost time : 0m 18s
2024-10-17 12:18:13,495 - fed_utils - INFO - encrypting key [conv2.bias].length : 16, cost time : 0m 0s
2024-10-17 12:24:32,441 - fed_utils - INFO - encrypting key [fc1.weight].length : 48000, cost time : 6m 18s
2024-10-17 12:24:33,394 - fed_utils - INFO - encrypting key [fc1.bias].length : 120, cost time : 0m 0s
2024-10-17 12:25:53,164 - fed_utils - INFO - encrypting key [fc2.weight].length : 10080, cost time : 1m 19s
2024-10-17 12:25:53,837 - fed_utils - INFO - encrypting key [fc2.bias].length : 84, cost time : 0m 0s
2024-10-17 12:26:00,463 - fed_utils - INFO - encrypting key [fc3.weight].length : 840, cost time : 0m 6s
2024-10-17 12:26:00,542 - fed_utils - INFO - encrypting key [fc3.bias].length : 10, cost time : 0m 0s
2024-10-17 12:26:00,542 - fl_main - INFO - Server receive client_dict[f_00002] info ...
2024-10-17 12:26:00,542 - fl_main - INFO - ----- client id [f_00003] -----
2024-10-17 12:26:00,544 - fl_main - INFO - client_dict[f_00003] training ...
2024-10-17 12:26:00,544 - client_base - INFO - client_dict[f_00003] training epoch : 0
2024-10-17 12:26:01,380 - fl_main - INFO - client_dict[f_00003] local model encrypting ...
2024-10-17 12:26:02,564 - fed_utils - INFO - encrypting key [conv1.weight].length : 150, cost time : 0m 1s
2024-10-17 12:26:02,613 - fed_utils - INFO - encrypting key [conv1.bias].length : 6, cost time : 0m 0s
2024-10-17 12:26:21,546 - fed_utils - INFO - encrypting key [conv2.weight].length : 2400, cost time : 0m 18s
2024-10-17 12:26:21,683 - fed_utils - INFO - encrypting key [conv2.bias].length : 16, cost time : 0m 0s
2024-10-17 12:32:41,025 - fed_utils - INFO - encrypting key [fc1.weight].length : 48000, cost time : 6m 19s
2024-10-17 12:32:41,979 - fed_utils - INFO - encrypting key [fc1.bias].length : 120, cost time : 0m 0s
2024-10-17 12:34:01,729 - fed_utils - INFO - encrypting key [fc2.weight].length : 10080, cost time : 1m 19s
2024-10-17 12:34:02,402 - fed_utils - INFO - encrypting key [fc2.bias].length : 84, cost time : 0m 0s
2024-10-17 12:34:09,029 - fed_utils - INFO - encrypting key [fc3.weight].length : 840, cost time : 0m 6s
2024-10-17 12:34:09,109 - fed_utils - INFO - encrypting key [fc3.bias].length : 10, cost time : 0m 0s
2024-10-17 12:34:09,109 - fl_main - INFO - Server receive client_dict[f_00003] info ...
2024-10-17 12:34:09,109 - fl_main - INFO - ----- client id [f_00004] -----
2024-10-17 12:34:09,111 - fl_main - INFO - client_dict[f_00004] training ...
2024-10-17 12:34:09,111 - client_base - INFO - client_dict[f_00004] training epoch : 0
2024-10-17 12:34:09,921 - fl_main - INFO - client_dict[f_00004] local model encrypting ...
2024-10-17 12:34:11,106 - fed_utils - INFO - encrypting key [conv1.weight].length : 150, cost time : 0m 1s
2024-10-17 12:34:11,154 - fed_utils - INFO - encrypting key [conv1.bias].length : 6, cost time : 0m 0s
2024-10-17 12:34:30,080 - fed_utils - INFO - encrypting key [conv2.weight].length : 2400, cost time : 0m 18s
2024-10-17 12:34:30,217 - fed_utils - INFO - encrypting key [conv2.bias].length : 16, cost time : 0m 0s
2024-10-17 12:40:49,157 - fed_utils - INFO - encrypting key [fc1.weight].length : 48000, cost time : 6m 18s
2024-10-17 12:40:50,120 - fed_utils - INFO - encrypting key [fc1.bias].length : 120, cost time : 0m 0s
2024-10-17 12:42:09,832 - fed_utils - INFO - encrypting key [fc2.weight].length : 10080, cost time : 1m 19s
2024-10-17 12:42:10,510 - fed_utils - INFO - encrypting key [fc2.bias].length : 84, cost time : 0m 0s
2024-10-17 12:42:17,139 - fed_utils - INFO - encrypting key [fc3.weight].length : 840, cost time : 0m 6s
2024-10-17 12:42:17,218 - fed_utils - INFO - encrypting key [fc3.bias].length : 10, cost time : 0m 0s
2024-10-17 12:42:17,218 - fl_main - INFO - Server receive client_dict[f_00004] info ...
2024-10-17 12:42:17,218 - fl_main - INFO - global aggregation process ...
2024-10-17 12:42:17,219 - fed_utils - INFO - server.n_data : 60000
2024-10-17 12:42:17,219 - fed_utils - INFO - client_dict[f_00000].weight : 0.200000
2024-10-17 12:42:17,219 - fed_utils - INFO - client_dict[f_00001].weight : 0.200000
2024-10-17 12:42:17,219 - fed_utils - INFO - client_dict[f_00002].weight : 0.200000
2024-10-17 12:42:17,219 - fed_utils - INFO - client_dict[f_00003].weight : 0.200000
2024-10-17 12:42:17,219 - fed_utils - INFO - client_dict[f_00004].weight : 0.200000
2024-10-17 12:42:17,219 - fed_utils - INFO - recover secret number by clients: 722.400000
2024-10-17 12:42:17,219 - server_base - INFO - Server aggregate model with homomorphic encryption ...
2024-10-17 12:43:44,592 - fed_utils - INFO - decrypting key [conv1.weight].shape [torch.Size([6, 1, 5, 5])]
2024-10-17 12:43:44,606 - fed_utils - INFO - decrypting key [conv1.bias].shape [torch.Size([6])]
2024-10-17 12:43:50,217 - fed_utils - INFO - decrypting key [conv2.weight].shape [torch.Size([16, 6, 5, 5])]
2024-10-17 12:43:50,254 - fed_utils - INFO - decrypting key [conv2.bias].shape [torch.Size([16])]
2024-10-17 12:45:39,732 - fed_utils - INFO - decrypting key [fc1.weight].shape [torch.Size([120, 400])]
2024-10-17 12:45:40,006 - fed_utils - INFO - decrypting key [fc1.bias].shape [torch.Size([120])]
2024-10-17 12:46:03,089 - fed_utils - INFO - decrypting key [fc2.weight].shape [torch.Size([84, 120])]
2024-10-17 12:46:03,281 - fed_utils - INFO - decrypting key [fc2.bias].shape [torch.Size([84])]
2024-10-17 12:46:05,194 - fed_utils - INFO - decrypting key [fc3.weight].shape [torch.Size([10, 84])]
2024-10-17 12:46:05,217 - fed_utils - INFO - decrypting key [fc3.bias].shape [torch.Size([10])]
2024-10-17 12:46:05,250 - fl_main - INFO - global round : 5
2024-10-17 12:46:05,250 - fl_main - INFO - the random client id to test accuracy : f_00001
2024-10-17 12:46:05,250 - fl_main - INFO - ----- client id [f_00000] -----
2024-10-17 12:46:05,251 - fl_main - INFO - client_dict[f_00000] training ...
2024-10-17 12:46:05,267 - client_base - INFO - client_dict[f_00000] training epoch : 0
2024-10-17 12:46:06,102 - fl_main - INFO - client_dict[f_00000] local model encrypting ...
2024-10-17 12:46:07,285 - fed_utils - INFO - encrypting key [conv1.weight].length : 150, cost time : 0m 1s
2024-10-17 12:46:07,334 - fed_utils - INFO - encrypting key [conv1.bias].length : 6, cost time : 0m 0s
2024-10-17 12:46:26,254 - fed_utils - INFO - encrypting key [conv2.weight].length : 2400, cost time : 0m 18s
2024-10-17 12:46:26,390 - fed_utils - INFO - encrypting key [conv2.bias].length : 16, cost time : 0m 0s
2024-10-17 12:52:45,337 - fed_utils - INFO - encrypting key [fc1.weight].length : 48000, cost time : 6m 18s
2024-10-17 12:52:46,294 - fed_utils - INFO - encrypting key [fc1.bias].length : 120, cost time : 0m 0s
2024-10-17 12:54:06,306 - fed_utils - INFO - encrypting key [fc2.weight].length : 10080, cost time : 1m 20s
2024-10-17 12:54:06,979 - fed_utils - INFO - encrypting key [fc2.bias].length : 84, cost time : 0m 0s
2024-10-17 12:54:13,609 - fed_utils - INFO - encrypting key [fc3.weight].length : 840, cost time : 0m 6s
2024-10-17 12:54:13,689 - fed_utils - INFO - encrypting key [fc3.bias].length : 10, cost time : 0m 0s
2024-10-17 12:54:13,705 - fl_main - INFO - Server receive client_dict[f_00000] info ...
2024-10-17 12:54:13,706 - fl_main - INFO - ----- client id [f_00001] -----
2024-10-17 12:54:14,516 - fl_main - INFO - global round [5] client_dict[f_00001].accuracy : 0.918900
2024-10-17 12:54:14,516 - fl_main - INFO - client_dict[f_00001] training ...
2024-10-17 12:54:14,516 - client_base - INFO - client_dict[f_00001] training epoch : 0
2024-10-17 12:54:15,337 - fl_main - INFO - client_dict[f_00001] local model encrypting ...
2024-10-17 12:54:16,521 - fed_utils - INFO - encrypting key [conv1.weight].length : 150, cost time : 0m 1s
2024-10-17 12:54:16,570 - fed_utils - INFO - encrypting key [conv1.bias].length : 6, cost time : 0m 0s
2024-10-17 12:54:35,508 - fed_utils - INFO - encrypting key [conv2.weight].length : 2400, cost time : 0m 18s
2024-10-17 12:54:35,645 - fed_utils - INFO - encrypting key [conv2.bias].length : 16, cost time : 0m 0s
2024-10-17 13:00:54,178 - fed_utils - INFO - encrypting key [fc1.weight].length : 48000, cost time : 6m 18s
2024-10-17 13:00:55,135 - fed_utils - INFO - encrypting key [fc1.bias].length : 120, cost time : 0m 0s
2024-10-17 13:02:14,739 - fed_utils - INFO - encrypting key [fc2.weight].length : 10080, cost time : 1m 19s
2024-10-17 13:02:15,408 - fed_utils - INFO - encrypting key [fc2.bias].length : 84, cost time : 0m 0s
2024-10-17 13:02:22,115 - fed_utils - INFO - encrypting key [fc3.weight].length : 840, cost time : 0m 6s
2024-10-17 13:02:22,194 - fed_utils - INFO - encrypting key [fc3.bias].length : 10, cost time : 0m 0s
2024-10-17 13:02:22,195 - fl_main - INFO - Server receive client_dict[f_00001] info ...
2024-10-17 13:02:22,195 - fl_main - INFO - ----- client id [f_00002] -----
2024-10-17 13:02:22,196 - fl_main - INFO - client_dict[f_00002] training ...
2024-10-17 13:02:22,197 - client_base - INFO - client_dict[f_00002] training epoch : 0
2024-10-17 13:02:23,027 - fl_main - INFO - client_dict[f_00002] local model encrypting ...
2024-10-17 13:02:24,210 - fed_utils - INFO - encrypting key [conv1.weight].length : 150, cost time : 0m 1s
2024-10-17 13:02:24,259 - fed_utils - INFO - encrypting key [conv1.bias].length : 6, cost time : 0m 0s
2024-10-17 13:02:43,345 - fed_utils - INFO - encrypting key [conv2.weight].length : 2400, cost time : 0m 19s
2024-10-17 13:02:43,481 - fed_utils - INFO - encrypting key [conv2.bias].length : 16, cost time : 0m 0s
2024-10-17 13:09:02,521 - fed_utils - INFO - encrypting key [fc1.weight].length : 48000, cost time : 6m 19s
2024-10-17 13:09:03,476 - fed_utils - INFO - encrypting key [fc1.bias].length : 120, cost time : 0m 0s
2024-10-17 13:10:23,129 - fed_utils - INFO - encrypting key [fc2.weight].length : 10080, cost time : 1m 19s
2024-10-17 13:10:23,798 - fed_utils - INFO - encrypting key [fc2.bias].length : 84, cost time : 0m 0s
2024-10-17 13:10:30,418 - fed_utils - INFO - encrypting key [fc3.weight].length : 840, cost time : 0m 6s
2024-10-17 13:10:30,498 - fed_utils - INFO - encrypting key [fc3.bias].length : 10, cost time : 0m 0s
2024-10-17 13:10:30,498 - fl_main - INFO - Server receive client_dict[f_00002] info ...
2024-10-17 13:10:30,498 - fl_main - INFO - ----- client id [f_00003] -----
2024-10-17 13:10:30,500 - fl_main - INFO - client_dict[f_00003] training ...
2024-10-17 13:10:30,500 - client_base - INFO - client_dict[f_00003] training epoch : 0
2024-10-17 13:10:31,325 - fl_main - INFO - client_dict[f_00003] local model encrypting ...
2024-10-17 13:10:32,508 - fed_utils - INFO - encrypting key [conv1.weight].length : 150, cost time : 0m 1s
2024-10-17 13:10:32,557 - fed_utils - INFO - encrypting key [conv1.bias].length : 6, cost time : 0m 0s
2024-10-17 13:10:51,553 - fed_utils - INFO - encrypting key [conv2.weight].length : 2400, cost time : 0m 18s
2024-10-17 13:10:51,689 - fed_utils - INFO - encrypting key [conv2.bias].length : 16, cost time : 0m 0s
2024-10-17 13:17:11,854 - fed_utils - INFO - encrypting key [fc1.weight].length : 48000, cost time : 6m 20s
2024-10-17 13:17:12,817 - fed_utils - INFO - encrypting key [fc1.bias].length : 120, cost time : 0m 0s
2024-10-17 13:18:32,421 - fed_utils - INFO - encrypting key [fc2.weight].length : 10080, cost time : 1m 19s
2024-10-17 13:18:33,090 - fed_utils - INFO - encrypting key [fc2.bias].length : 84, cost time : 0m 0s
2024-10-17 13:18:39,714 - fed_utils - INFO - encrypting key [fc3.weight].length : 840, cost time : 0m 6s
2024-10-17 13:18:39,794 - fed_utils - INFO - encrypting key [fc3.bias].length : 10, cost time : 0m 0s
2024-10-17 13:18:39,794 - fl_main - INFO - Server receive client_dict[f_00003] info ...
2024-10-17 13:18:39,794 - fl_main - INFO - ----- client id [f_00004] -----
2024-10-17 13:18:39,796 - fl_main - INFO - client_dict[f_00004] training ...
2024-10-17 13:18:39,796 - client_base - INFO - client_dict[f_00004] training epoch : 0
2024-10-17 13:18:40,608 - fl_main - INFO - client_dict[f_00004] local model encrypting ...
2024-10-17 13:18:41,792 - fed_utils - INFO - encrypting key [conv1.weight].length : 150, cost time : 0m 1s
2024-10-17 13:18:41,840 - fed_utils - INFO - encrypting key [conv1.bias].length : 6, cost time : 0m 0s
2024-10-17 13:19:00,921 - fed_utils - INFO - encrypting key [conv2.weight].length : 2400, cost time : 0m 19s
2024-10-17 13:19:01,057 - fed_utils - INFO - encrypting key [conv2.bias].length : 16, cost time : 0m 0s
2024-10-17 13:25:19,998 - fed_utils - INFO - encrypting key [fc1.weight].length : 48000, cost time : 6m 18s
2024-10-17 13:25:20,954 - fed_utils - INFO - encrypting key [fc1.bias].length : 120, cost time : 0m 0s
2024-10-17 13:26:40,543 - fed_utils - INFO - encrypting key [fc2.weight].length : 10080, cost time : 1m 19s
2024-10-17 13:26:41,213 - fed_utils - INFO - encrypting key [fc2.bias].length : 84, cost time : 0m 0s
2024-10-17 13:26:47,833 - fed_utils - INFO - encrypting key [fc3.weight].length : 840, cost time : 0m 6s
2024-10-17 13:26:47,913 - fed_utils - INFO - encrypting key [fc3.bias].length : 10, cost time : 0m 0s
2024-10-17 13:26:47,913 - fl_main - INFO - Server receive client_dict[f_00004] info ...
2024-10-17 13:26:47,913 - fl_main - INFO - global aggregation process ...
2024-10-17 13:26:47,913 - fed_utils - INFO - server.n_data : 60000
2024-10-17 13:26:47,913 - fed_utils - INFO - client_dict[f_00000].weight : 0.200000
2024-10-17 13:26:47,913 - fed_utils - INFO - client_dict[f_00001].weight : 0.200000
2024-10-17 13:26:47,913 - fed_utils - INFO - client_dict[f_00002].weight : 0.200000
2024-10-17 13:26:47,913 - fed_utils - INFO - client_dict[f_00003].weight : 0.200000
2024-10-17 13:26:47,914 - fed_utils - INFO - client_dict[f_00004].weight : 0.200000
2024-10-17 13:26:47,914 - fed_utils - INFO - recover secret number by clients: 722.400000
2024-10-17 13:26:47,914 - server_base - INFO - Server aggregate model with homomorphic encryption ...
2024-10-17 13:28:15,427 - fed_utils - INFO - decrypting key [conv1.weight].shape [torch.Size([6, 1, 5, 5])]
2024-10-17 13:28:15,440 - fed_utils - INFO - decrypting key [conv1.bias].shape [torch.Size([6])]
2024-10-17 13:28:20,965 - fed_utils - INFO - decrypting key [conv2.weight].shape [torch.Size([16, 6, 5, 5])]
2024-10-17 13:28:21,002 - fed_utils - INFO - decrypting key [conv2.bias].shape [torch.Size([16])]
2024-10-17 13:30:10,175 - fed_utils - INFO - decrypting key [fc1.weight].shape [torch.Size([120, 400])]
2024-10-17 13:30:10,448 - fed_utils - INFO - decrypting key [fc1.bias].shape [torch.Size([120])]
2024-10-17 13:30:33,344 - fed_utils - INFO - decrypting key [fc2.weight].shape [torch.Size([84, 120])]
2024-10-17 13:30:33,535 - fed_utils - INFO - decrypting key [fc2.bias].shape [torch.Size([84])]
2024-10-17 13:30:35,444 - fed_utils - INFO - decrypting key [fc3.weight].shape [torch.Size([10, 84])]
2024-10-17 13:30:35,466 - fed_utils - INFO - decrypting key [fc3.bias].shape [torch.Size([10])]
2024-10-17 13:30:35,499 - fl_main - INFO - global round : 6
2024-10-17 13:30:35,499 - fl_main - INFO - the random client id to test accuracy : f_00002
2024-10-17 13:30:35,499 - fl_main - INFO - ----- client id [f_00000] -----
2024-10-17 13:30:35,500 - fl_main - INFO - client_dict[f_00000] training ...
2024-10-17 13:30:35,515 - client_base - INFO - client_dict[f_00000] training epoch : 0
2024-10-17 13:30:36,338 - fl_main - INFO - client_dict[f_00000] local model encrypting ...
2024-10-17 13:30:37,522 - fed_utils - INFO - encrypting key [conv1.weight].length : 150, cost time : 0m 1s
2024-10-17 13:30:37,571 - fed_utils - INFO - encrypting key [conv1.bias].length : 6, cost time : 0m 0s
2024-10-17 13:30:56,589 - fed_utils - INFO - encrypting key [conv2.weight].length : 2400, cost time : 0m 19s
2024-10-17 13:30:56,726 - fed_utils - INFO - encrypting key [conv2.bias].length : 16, cost time : 0m 0s
2024-10-17 13:37:16,296 - fed_utils - INFO - encrypting key [fc1.weight].length : 48000, cost time : 6m 19s
2024-10-17 13:37:17,254 - fed_utils - INFO - encrypting key [fc1.bias].length : 120, cost time : 0m 0s
2024-10-17 13:38:36,855 - fed_utils - INFO - encrypting key [fc2.weight].length : 10080, cost time : 1m 19s
2024-10-17 13:38:37,528 - fed_utils - INFO - encrypting key [fc2.bias].length : 84, cost time : 0m 0s
2024-10-17 13:38:44,162 - fed_utils - INFO - encrypting key [fc3.weight].length : 840, cost time : 0m 6s
2024-10-17 13:38:44,241 - fed_utils - INFO - encrypting key [fc3.bias].length : 10, cost time : 0m 0s
2024-10-17 13:38:44,255 - fl_main - INFO - Server receive client_dict[f_00000] info ...
2024-10-17 13:38:44,255 - fl_main - INFO - ----- client id [f_00001] -----
2024-10-17 13:38:44,256 - fl_main - INFO - client_dict[f_00001] training ...
2024-10-17 13:38:44,257 - client_base - INFO - client_dict[f_00001] training epoch : 0
2024-10-17 13:38:45,096 - fl_main - INFO - client_dict[f_00001] local model encrypting ...
2024-10-17 13:38:46,285 - fed_utils - INFO - encrypting key [conv1.weight].length : 150, cost time : 0m 1s
2024-10-17 13:38:46,335 - fed_utils - INFO - encrypting key [conv1.bias].length : 6, cost time : 0m 0s
2024-10-17 13:39:05,279 - fed_utils - INFO - encrypting key [conv2.weight].length : 2400, cost time : 0m 18s
2024-10-17 13:39:05,415 - fed_utils - INFO - encrypting key [conv2.bias].length : 16, cost time : 0m 0s
2024-10-17 13:45:25,145 - fed_utils - INFO - encrypting key [fc1.weight].length : 48000, cost time : 6m 19s
2024-10-17 13:45:26,110 - fed_utils - INFO - encrypting key [fc1.bias].length : 120, cost time : 0m 0s
2024-10-17 13:46:45,692 - fed_utils - INFO - encrypting key [fc2.weight].length : 10080, cost time : 1m 19s
2024-10-17 13:46:46,362 - fed_utils - INFO - encrypting key [fc2.bias].length : 84, cost time : 0m 0s
2024-10-17 13:46:52,988 - fed_utils - INFO - encrypting key [fc3.weight].length : 840, cost time : 0m 6s
2024-10-17 13:46:53,067 - fed_utils - INFO - encrypting key [fc3.bias].length : 10, cost time : 0m 0s
2024-10-17 13:46:53,067 - fl_main - INFO - Server receive client_dict[f_00001] info ...
2024-10-17 13:46:53,067 - fl_main - INFO - ----- client id [f_00002] -----
2024-10-17 13:46:53,885 - fl_main - INFO - global round [6] client_dict[f_00002].accuracy : 0.934100
2024-10-17 13:46:53,885 - fl_main - INFO - client_dict[f_00002] training ...
2024-10-17 13:46:53,885 - client_base - INFO - client_dict[f_00002] training epoch : 0
2024-10-17 13:46:54,707 - fl_main - INFO - client_dict[f_00002] local model encrypting ...
2024-10-17 13:46:55,892 - fed_utils - INFO - encrypting key [conv1.weight].length : 150, cost time : 0m 1s
2024-10-17 13:46:55,941 - fed_utils - INFO - encrypting key [conv1.bias].length : 6, cost time : 0m 0s
2024-10-17 13:47:14,986 - fed_utils - INFO - encrypting key [conv2.weight].length : 2400, cost time : 0m 19s
2024-10-17 13:47:15,123 - fed_utils - INFO - encrypting key [conv2.bias].length : 16, cost time : 0m 0s
2024-10-17 13:53:34,831 - fed_utils - INFO - encrypting key [fc1.weight].length : 48000, cost time : 6m 19s
2024-10-17 13:53:35,792 - fed_utils - INFO - encrypting key [fc1.bias].length : 120, cost time : 0m 0s
2024-10-17 13:54:55,631 - fed_utils - INFO - encrypting key [fc2.weight].length : 10080, cost time : 1m 19s
2024-10-17 13:54:56,309 - fed_utils - INFO - encrypting key [fc2.bias].length : 84, cost time : 0m 0s
2024-10-17 13:55:02,930 - fed_utils - INFO - encrypting key [fc3.weight].length : 840, cost time : 0m 6s
2024-10-17 13:55:03,009 - fed_utils - INFO - encrypting key [fc3.bias].length : 10, cost time : 0m 0s
2024-10-17 13:55:03,009 - fl_main - INFO - Server receive client_dict[f_00002] info ...
2024-10-17 13:55:03,010 - fl_main - INFO - ----- client id [f_00003] -----
2024-10-17 13:55:03,011 - fl_main - INFO - client_dict[f_00003] training ...
2024-10-17 13:55:03,012 - client_base - INFO - client_dict[f_00003] training epoch : 0
2024-10-17 13:55:03,837 - fl_main - INFO - client_dict[f_00003] local model encrypting ...
2024-10-17 13:55:05,199 - fed_utils - INFO - encrypting key [conv1.weight].length : 150, cost time : 0m 1s
2024-10-17 13:55:05,248 - fed_utils - INFO - encrypting key [conv1.bias].length : 6, cost time : 0m 0s
2024-10-17 13:55:24,267 - fed_utils - INFO - encrypting key [conv2.weight].length : 2400, cost time : 0m 19s
2024-10-17 13:55:24,404 - fed_utils - INFO - encrypting key [conv2.bias].length : 16, cost time : 0m 0s
2024-10-17 14:01:44,043 - fed_utils - INFO - encrypting key [fc1.weight].length : 48000, cost time : 6m 19s
2024-10-17 14:01:45,000 - fed_utils - INFO - encrypting key [fc1.bias].length : 120, cost time : 0m 0s
2024-10-17 14:03:05,074 - fed_utils - INFO - encrypting key [fc2.weight].length : 10080, cost time : 1m 20s
2024-10-17 14:03:05,748 - fed_utils - INFO - encrypting key [fc2.bias].length : 84, cost time : 0m 0s
2024-10-17 14:03:12,369 - fed_utils - INFO - encrypting key [fc3.weight].length : 840, cost time : 0m 6s
2024-10-17 14:03:12,448 - fed_utils - INFO - encrypting key [fc3.bias].length : 10, cost time : 0m 0s
2024-10-17 14:03:12,448 - fl_main - INFO - Server receive client_dict[f_00003] info ...
2024-10-17 14:03:12,448 - fl_main - INFO - ----- client id [f_00004] -----
2024-10-17 14:03:12,450 - fl_main - INFO - client_dict[f_00004] training ...
2024-10-17 14:03:12,451 - client_base - INFO - client_dict[f_00004] training epoch : 0
2024-10-17 14:03:13,269 - fl_main - INFO - client_dict[f_00004] local model encrypting ...
2024-10-17 14:03:14,453 - fed_utils - INFO - encrypting key [conv1.weight].length : 150, cost time : 0m 1s
2024-10-17 14:03:14,502 - fed_utils - INFO - encrypting key [conv1.bias].length : 6, cost time : 0m 0s
2024-10-17 14:03:33,436 - fed_utils - INFO - encrypting key [conv2.weight].length : 2400, cost time : 0m 18s
2024-10-17 14:03:33,572 - fed_utils - INFO - encrypting key [conv2.bias].length : 16, cost time : 0m 0s
2024-10-17 14:09:53,510 - fed_utils - INFO - encrypting key [fc1.weight].length : 48000, cost time : 6m 19s
2024-10-17 14:09:54,481 - fed_utils - INFO - encrypting key [fc1.bias].length : 120, cost time : 0m 0s
2024-10-17 14:11:14,094 - fed_utils - INFO - encrypting key [fc2.weight].length : 10080, cost time : 1m 19s
2024-10-17 14:11:14,762 - fed_utils - INFO - encrypting key [fc2.bias].length : 84, cost time : 0m 0s
2024-10-17 14:11:21,408 - fed_utils - INFO - encrypting key [fc3.weight].length : 840, cost time : 0m 6s
2024-10-17 14:11:21,489 - fed_utils - INFO - encrypting key [fc3.bias].length : 10, cost time : 0m 0s
2024-10-17 14:11:21,490 - fl_main - INFO - Server receive client_dict[f_00004] info ...
2024-10-17 14:11:21,490 - fl_main - INFO - global aggregation process ...
2024-10-17 14:11:21,490 - fed_utils - INFO - server.n_data : 60000
2024-10-17 14:11:21,490 - fed_utils - INFO - client_dict[f_00000].weight : 0.200000
2024-10-17 14:11:21,490 - fed_utils - INFO - client_dict[f_00001].weight : 0.200000
2024-10-17 14:11:21,490 - fed_utils - INFO - client_dict[f_00002].weight : 0.200000
2024-10-17 14:11:21,490 - fed_utils - INFO - client_dict[f_00003].weight : 0.200000
2024-10-17 14:11:21,490 - fed_utils - INFO - client_dict[f_00004].weight : 0.200000
2024-10-17 14:11:21,490 - fed_utils - INFO - recover secret number by clients: 722.400000
2024-10-17 14:11:21,490 - server_base - INFO - Server aggregate model with homomorphic encryption ...
2024-10-17 14:12:49,025 - fed_utils - INFO - decrypting key [conv1.weight].shape [torch.Size([6, 1, 5, 5])]
2024-10-17 14:12:49,039 - fed_utils - INFO - decrypting key [conv1.bias].shape [torch.Size([6])]
2024-10-17 14:12:54,495 - fed_utils - INFO - decrypting key [conv2.weight].shape [torch.Size([16, 6, 5, 5])]
2024-10-17 14:12:54,532 - fed_utils - INFO - decrypting key [conv2.bias].shape [torch.Size([16])]
2024-10-17 14:14:43,649 - fed_utils - INFO - decrypting key [fc1.weight].shape [torch.Size([120, 400])]
2024-10-17 14:14:43,923 - fed_utils - INFO - decrypting key [fc1.bias].shape [torch.Size([120])]
2024-10-17 14:15:06,955 - fed_utils - INFO - decrypting key [fc2.weight].shape [torch.Size([84, 120])]
2024-10-17 14:15:07,146 - fed_utils - INFO - decrypting key [fc2.bias].shape [torch.Size([84])]
2024-10-17 14:15:09,054 - fed_utils - INFO - decrypting key [fc3.weight].shape [torch.Size([10, 84])]
2024-10-17 14:15:09,077 - fed_utils - INFO - decrypting key [fc3.bias].shape [torch.Size([10])]
2024-10-17 14:15:09,109 - fl_main - INFO - global round : 7
2024-10-17 14:15:09,110 - fl_main - INFO - the random client id to test accuracy : f_00001
2024-10-17 14:15:09,110 - fl_main - INFO - ----- client id [f_00000] -----
2024-10-17 14:15:09,111 - fl_main - INFO - client_dict[f_00000] training ...
2024-10-17 14:15:09,127 - client_base - INFO - client_dict[f_00000] training epoch : 0
2024-10-17 14:15:09,955 - fl_main - INFO - client_dict[f_00000] local model encrypting ...
2024-10-17 14:15:11,143 - fed_utils - INFO - encrypting key [conv1.weight].length : 150, cost time : 0m 1s
2024-10-17 14:15:11,192 - fed_utils - INFO - encrypting key [conv1.bias].length : 6, cost time : 0m 0s
2024-10-17 14:15:30,197 - fed_utils - INFO - encrypting key [conv2.weight].length : 2400, cost time : 0m 19s
2024-10-17 14:15:30,333 - fed_utils - INFO - encrypting key [conv2.bias].length : 16, cost time : 0m 0s
2024-10-17 14:21:49,900 - fed_utils - INFO - encrypting key [fc1.weight].length : 48000, cost time : 6m 19s
2024-10-17 14:21:50,867 - fed_utils - INFO - encrypting key [fc1.bias].length : 120, cost time : 0m 0s
2024-10-17 14:23:10,662 - fed_utils - INFO - encrypting key [fc2.weight].length : 10080, cost time : 1m 19s
2024-10-17 14:23:11,339 - fed_utils - INFO - encrypting key [fc2.bias].length : 84, cost time : 0m 0s
2024-10-17 14:23:17,961 - fed_utils - INFO - encrypting key [fc3.weight].length : 840, cost time : 0m 6s
2024-10-17 14:23:18,040 - fed_utils - INFO - encrypting key [fc3.bias].length : 10, cost time : 0m 0s
2024-10-17 14:23:18,056 - fl_main - INFO - Server receive client_dict[f_00000] info ...
2024-10-17 14:23:18,056 - fl_main - INFO - ----- client id [f_00001] -----
2024-10-17 14:23:18,872 - fl_main - INFO - global round [7] client_dict[f_00001].accuracy : 0.941700
2024-10-17 14:23:18,872 - fl_main - INFO - client_dict[f_00001] training ...
2024-10-17 14:23:18,872 - client_base - INFO - client_dict[f_00001] training epoch : 0
2024-10-17 14:23:19,701 - fl_main - INFO - client_dict[f_00001] local model encrypting ...
2024-10-17 14:23:20,884 - fed_utils - INFO - encrypting key [conv1.weight].length : 150, cost time : 0m 1s
2024-10-17 14:23:20,933 - fed_utils - INFO - encrypting key [conv1.bias].length : 6, cost time : 0m 0s
2024-10-17 14:23:39,881 - fed_utils - INFO - encrypting key [conv2.weight].length : 2400, cost time : 0m 18s
2024-10-17 14:23:40,019 - fed_utils - INFO - encrypting key [conv2.bias].length : 16, cost time : 0m 0s
2024-10-17 14:30:00,055 - fed_utils - INFO - encrypting key [fc1.weight].length : 48000, cost time : 6m 20s
2024-10-17 14:30:01,013 - fed_utils - INFO - encrypting key [fc1.bias].length : 120, cost time : 0m 0s
2024-10-17 14:31:20,554 - fed_utils - INFO - encrypting key [fc2.weight].length : 10080, cost time : 1m 19s
2024-10-17 14:31:21,223 - fed_utils - INFO - encrypting key [fc2.bias].length : 84, cost time : 0m 0s
2024-10-17 14:31:27,841 - fed_utils - INFO - encrypting key [fc3.weight].length : 840, cost time : 0m 6s
2024-10-17 14:31:27,922 - fed_utils - INFO - encrypting key [fc3.bias].length : 10, cost time : 0m 0s
2024-10-17 14:31:27,922 - fl_main - INFO - Server receive client_dict[f_00001] info ...
2024-10-17 14:31:27,922 - fl_main - INFO - ----- client id [f_00002] -----
2024-10-17 14:31:27,923 - fl_main - INFO - client_dict[f_00002] training ...
2024-10-17 14:31:27,924 - client_base - INFO - client_dict[f_00002] training epoch : 0
2024-10-17 14:31:28,757 - fl_main - INFO - client_dict[f_00002] local model encrypting ...
2024-10-17 14:31:29,940 - fed_utils - INFO - encrypting key [conv1.weight].length : 150, cost time : 0m 1s
2024-10-17 14:31:29,989 - fed_utils - INFO - encrypting key [conv1.bias].length : 6, cost time : 0m 0s
2024-10-17 14:31:48,918 - fed_utils - INFO - encrypting key [conv2.weight].length : 2400, cost time : 0m 18s
2024-10-17 14:31:49,055 - fed_utils - INFO - encrypting key [conv2.bias].length : 16, cost time : 0m 0s
2024-10-17 14:38:08,582 - fed_utils - INFO - encrypting key [fc1.weight].length : 48000, cost time : 6m 19s
2024-10-17 14:38:09,538 - fed_utils - INFO - encrypting key [fc1.bias].length : 120, cost time : 0m 0s
2024-10-17 14:39:29,219 - fed_utils - INFO - encrypting key [fc2.weight].length : 10080, cost time : 1m 19s
2024-10-17 14:39:29,888 - fed_utils - INFO - encrypting key [fc2.bias].length : 84, cost time : 0m 0s
2024-10-17 14:39:36,578 - fed_utils - INFO - encrypting key [fc3.weight].length : 840, cost time : 0m 6s
2024-10-17 14:39:36,658 - fed_utils - INFO - encrypting key [fc3.bias].length : 10, cost time : 0m 0s
2024-10-17 14:39:36,658 - fl_main - INFO - Server receive client_dict[f_00002] info ...
2024-10-17 14:39:36,658 - fl_main - INFO - ----- client id [f_00003] -----
2024-10-17 14:39:36,659 - fl_main - INFO - client_dict[f_00003] training ...
2024-10-17 14:39:36,660 - client_base - INFO - client_dict[f_00003] training epoch : 0
2024-10-17 14:39:37,466 - fl_main - INFO - client_dict[f_00003] local model encrypting ...
2024-10-17 14:39:38,650 - fed_utils - INFO - encrypting key [conv1.weight].length : 150, cost time : 0m 1s
2024-10-17 14:39:38,699 - fed_utils - INFO - encrypting key [conv1.bias].length : 6, cost time : 0m 0s
2024-10-17 14:39:57,626 - fed_utils - INFO - encrypting key [conv2.weight].length : 2400, cost time : 0m 18s
2024-10-17 14:39:57,762 - fed_utils - INFO - encrypting key [conv2.bias].length : 16, cost time : 0m 0s
2024-10-17 14:46:17,243 - fed_utils - INFO - encrypting key [fc1.weight].length : 48000, cost time : 6m 19s
2024-10-17 14:46:18,196 - fed_utils - INFO - encrypting key [fc1.bias].length : 120, cost time : 0m 0s
2024-10-17 14:47:37,842 - fed_utils - INFO - encrypting key [fc2.weight].length : 10080, cost time : 1m 19s
2024-10-17 14:47:38,512 - fed_utils - INFO - encrypting key [fc2.bias].length : 84, cost time : 0m 0s
2024-10-17 14:47:45,141 - fed_utils - INFO - encrypting key [fc3.weight].length : 840, cost time : 0m 6s
2024-10-17 14:47:45,221 - fed_utils - INFO - encrypting key [fc3.bias].length : 10, cost time : 0m 0s
2024-10-17 14:47:45,221 - fl_main - INFO - Server receive client_dict[f_00003] info ...
2024-10-17 14:47:45,221 - fl_main - INFO - ----- client id [f_00004] -----
2024-10-17 14:47:45,223 - fl_main - INFO - client_dict[f_00004] training ...
2024-10-17 14:47:45,224 - client_base - INFO - client_dict[f_00004] training epoch : 0
2024-10-17 14:47:46,058 - fl_main - INFO - client_dict[f_00004] local model encrypting ...
2024-10-17 14:47:47,242 - fed_utils - INFO - encrypting key [conv1.weight].length : 150, cost time : 0m 1s
2024-10-17 14:47:47,291 - fed_utils - INFO - encrypting key [conv1.bias].length : 6, cost time : 0m 0s
2024-10-17 14:48:06,228 - fed_utils - INFO - encrypting key [conv2.weight].length : 2400, cost time : 0m 18s
2024-10-17 14:48:06,365 - fed_utils - INFO - encrypting key [conv2.bias].length : 16, cost time : 0m 0s
2024-10-17 14:54:25,499 - fed_utils - INFO - encrypting key [fc1.weight].length : 48000, cost time : 6m 19s
2024-10-17 14:54:26,457 - fed_utils - INFO - encrypting key [fc1.bias].length : 120, cost time : 0m 0s
2024-10-17 14:55:46,180 - fed_utils - INFO - encrypting key [fc2.weight].length : 10080, cost time : 1m 19s
2024-10-17 14:55:46,856 - fed_utils - INFO - encrypting key [fc2.bias].length : 84, cost time : 0m 0s
2024-10-17 14:55:53,491 - fed_utils - INFO - encrypting key [fc3.weight].length : 840, cost time : 0m 6s
2024-10-17 14:55:53,571 - fed_utils - INFO - encrypting key [fc3.bias].length : 10, cost time : 0m 0s
2024-10-17 14:55:53,571 - fl_main - INFO - Server receive client_dict[f_00004] info ...
2024-10-17 14:55:53,571 - fl_main - INFO - global aggregation process ...
2024-10-17 14:55:53,571 - fed_utils - INFO - server.n_data : 60000
2024-10-17 14:55:53,571 - fed_utils - INFO - client_dict[f_00000].weight : 0.200000
2024-10-17 14:55:53,571 - fed_utils - INFO - client_dict[f_00001].weight : 0.200000
2024-10-17 14:55:53,571 - fed_utils - INFO - client_dict[f_00002].weight : 0.200000
2024-10-17 14:55:53,571 - fed_utils - INFO - client_dict[f_00003].weight : 0.200000
2024-10-17 14:55:53,571 - fed_utils - INFO - client_dict[f_00004].weight : 0.200000
2024-10-17 14:55:53,571 - fed_utils - INFO - recover secret number by clients: 722.400000
2024-10-17 14:55:53,571 - server_base - INFO - Server aggregate model with homomorphic encryption ...
2024-10-17 14:57:20,953 - fed_utils - INFO - decrypting key [conv1.weight].shape [torch.Size([6, 1, 5, 5])]
2024-10-17 14:57:20,968 - fed_utils - INFO - decrypting key [conv1.bias].shape [torch.Size([6])]
2024-10-17 14:57:26,421 - fed_utils - INFO - decrypting key [conv2.weight].shape [torch.Size([16, 6, 5, 5])]
2024-10-17 14:57:26,459 - fed_utils - INFO - decrypting key [conv2.bias].shape [torch.Size([16])]
2024-10-17 14:59:15,509 - fed_utils - INFO - decrypting key [fc1.weight].shape [torch.Size([120, 400])]
2024-10-17 14:59:15,782 - fed_utils - INFO - decrypting key [fc1.bias].shape [torch.Size([120])]
2024-10-17 14:59:38,691 - fed_utils - INFO - decrypting key [fc2.weight].shape [torch.Size([84, 120])]
2024-10-17 14:59:38,883 - fed_utils - INFO - decrypting key [fc2.bias].shape [torch.Size([84])]
2024-10-17 14:59:40,792 - fed_utils - INFO - decrypting key [fc3.weight].shape [torch.Size([10, 84])]
2024-10-17 14:59:40,815 - fed_utils - INFO - decrypting key [fc3.bias].shape [torch.Size([10])]
2024-10-17 14:59:40,847 - fl_main - INFO - global round : 8
2024-10-17 14:59:40,847 - fl_main - INFO - the random client id to test accuracy : f_00004
2024-10-17 14:59:40,847 - fl_main - INFO - ----- client id [f_00000] -----
2024-10-17 14:59:40,848 - fl_main - INFO - client_dict[f_00000] training ...
2024-10-17 14:59:40,862 - client_base - INFO - client_dict[f_00000] training epoch : 0
2024-10-17 14:59:41,674 - fl_main - INFO - client_dict[f_00000] local model encrypting ...
2024-10-17 14:59:42,857 - fed_utils - INFO - encrypting key [conv1.weight].length : 150, cost time : 0m 1s
2024-10-17 14:59:42,906 - fed_utils - INFO - encrypting key [conv1.bias].length : 6, cost time : 0m 0s
2024-10-17 15:00:02,036 - fed_utils - INFO - encrypting key [conv2.weight].length : 2400, cost time : 0m 19s
2024-10-17 15:00:02,173 - fed_utils - INFO - encrypting key [conv2.bias].length : 16, cost time : 0m 0s
2024-10-17 15:06:21,863 - fed_utils - INFO - encrypting key [fc1.weight].length : 48000, cost time : 6m 19s
2024-10-17 15:06:22,826 - fed_utils - INFO - encrypting key [fc1.bias].length : 120, cost time : 0m 0s
2024-10-17 15:07:42,432 - fed_utils - INFO - encrypting key [fc2.weight].length : 10080, cost time : 1m 19s
2024-10-17 15:07:43,101 - fed_utils - INFO - encrypting key [fc2.bias].length : 84, cost time : 0m 0s
2024-10-17 15:07:49,876 - fed_utils - INFO - encrypting key [fc3.weight].length : 840, cost time : 0m 6s
2024-10-17 15:07:49,956 - fed_utils - INFO - encrypting key [fc3.bias].length : 10, cost time : 0m 0s
2024-10-17 15:07:49,971 - fl_main - INFO - Server receive client_dict[f_00000] info ...
2024-10-17 15:07:49,971 - fl_main - INFO - ----- client id [f_00001] -----
2024-10-17 15:07:49,972 - fl_main - INFO - client_dict[f_00001] training ...
2024-10-17 15:07:49,973 - client_base - INFO - client_dict[f_00001] training epoch : 0
2024-10-17 15:07:50,796 - fl_main - INFO - client_dict[f_00001] local model encrypting ...
2024-10-17 15:07:51,979 - fed_utils - INFO - encrypting key [conv1.weight].length : 150, cost time : 0m 1s
2024-10-17 15:07:52,027 - fed_utils - INFO - encrypting key [conv1.bias].length : 6, cost time : 0m 0s
2024-10-17 15:08:11,100 - fed_utils - INFO - encrypting key [conv2.weight].length : 2400, cost time : 0m 19s
2024-10-17 15:08:11,237 - fed_utils - INFO - encrypting key [conv2.bias].length : 16, cost time : 0m 0s
2024-10-17 15:14:31,016 - fed_utils - INFO - encrypting key [fc1.weight].length : 48000, cost time : 6m 19s
2024-10-17 15:14:31,979 - fed_utils - INFO - encrypting key [fc1.bias].length : 120, cost time : 0m 0s
2024-10-17 15:15:51,472 - fed_utils - INFO - encrypting key [fc2.weight].length : 10080, cost time : 1m 19s
2024-10-17 15:15:52,141 - fed_utils - INFO - encrypting key [fc2.bias].length : 84, cost time : 0m 0s
2024-10-17 15:15:58,771 - fed_utils - INFO - encrypting key [fc3.weight].length : 840, cost time : 0m 6s
2024-10-17 15:15:58,852 - fed_utils - INFO - encrypting key [fc3.bias].length : 10, cost time : 0m 0s
2024-10-17 15:15:58,852 - fl_main - INFO - Server receive client_dict[f_00001] info ...
2024-10-17 15:15:58,852 - fl_main - INFO - ----- client id [f_00002] -----
2024-10-17 15:15:58,854 - fl_main - INFO - client_dict[f_00002] training ...
2024-10-17 15:15:58,855 - client_base - INFO - client_dict[f_00002] training epoch : 0
2024-10-17 15:15:59,683 - fl_main - INFO - client_dict[f_00002] local model encrypting ...
2024-10-17 15:16:00,870 - fed_utils - INFO - encrypting key [conv1.weight].length : 150, cost time : 0m 1s
2024-10-17 15:16:00,919 - fed_utils - INFO - encrypting key [conv1.bias].length : 6, cost time : 0m 0s
2024-10-17 15:16:20,031 - fed_utils - INFO - encrypting key [conv2.weight].length : 2400, cost time : 0m 19s
2024-10-17 15:16:20,168 - fed_utils - INFO - encrypting key [conv2.bias].length : 16, cost time : 0m 0s
2024-10-17 15:22:39,601 - fed_utils - INFO - encrypting key [fc1.weight].length : 48000, cost time : 6m 19s
2024-10-17 15:22:40,561 - fed_utils - INFO - encrypting key [fc1.bias].length : 120, cost time : 0m 0s
2024-10-17 15:24:00,903 - fed_utils - INFO - encrypting key [fc2.weight].length : 10080, cost time : 1m 20s
2024-10-17 15:24:01,576 - fed_utils - INFO - encrypting key [fc2.bias].length : 84, cost time : 0m 0s
2024-10-17 15:24:08,209 - fed_utils - INFO - encrypting key [fc3.weight].length : 840, cost time : 0m 6s
2024-10-17 15:24:08,288 - fed_utils - INFO - encrypting key [fc3.bias].length : 10, cost time : 0m 0s
2024-10-17 15:24:08,288 - fl_main - INFO - Server receive client_dict[f_00002] info ...
2024-10-17 15:24:08,288 - fl_main - INFO - ----- client id [f_00003] -----
2024-10-17 15:24:08,290 - fl_main - INFO - client_dict[f_00003] training ...
2024-10-17 15:24:08,290 - client_base - INFO - client_dict[f_00003] training epoch : 0
2024-10-17 15:24:09,120 - fl_main - INFO - client_dict[f_00003] local model encrypting ...
2024-10-17 15:24:10,305 - fed_utils - INFO - encrypting key [conv1.weight].length : 150, cost time : 0m 1s
2024-10-17 15:24:10,354 - fed_utils - INFO - encrypting key [conv1.bias].length : 6, cost time : 0m 0s
2024-10-17 15:24:29,332 - fed_utils - INFO - encrypting key [conv2.weight].length : 2400, cost time : 0m 18s
2024-10-17 15:24:29,469 - fed_utils - INFO - encrypting key [conv2.bias].length : 16, cost time : 0m 0s
2024-10-17 15:30:48,667 - fed_utils - INFO - encrypting key [fc1.weight].length : 48000, cost time : 6m 19s
2024-10-17 15:30:49,620 - fed_utils - INFO - encrypting key [fc1.bias].length : 120, cost time : 0m 0s
2024-10-17 15:32:09,288 - fed_utils - INFO - encrypting key [fc2.weight].length : 10080, cost time : 1m 19s
2024-10-17 15:32:09,958 - fed_utils - INFO - encrypting key [fc2.bias].length : 84, cost time : 0m 0s
2024-10-17 15:32:16,580 - fed_utils - INFO - encrypting key [fc3.weight].length : 840, cost time : 0m 6s
2024-10-17 15:32:16,660 - fed_utils - INFO - encrypting key [fc3.bias].length : 10, cost time : 0m 0s
2024-10-17 15:32:16,660 - fl_main - INFO - Server receive client_dict[f_00003] info ...
2024-10-17 15:32:16,660 - fl_main - INFO - ----- client id [f_00004] -----
2024-10-17 15:32:17,476 - fl_main - INFO - global round [8] client_dict[f_00004].accuracy : 0.950500
2024-10-17 15:32:17,476 - fl_main - INFO - client_dict[f_00004] training ...
2024-10-17 15:32:17,476 - client_base - INFO - client_dict[f_00004] training epoch : 0
2024-10-17 15:32:18,298 - fl_main - INFO - client_dict[f_00004] local model encrypting ...
2024-10-17 15:32:19,603 - fed_utils - INFO - encrypting key [conv1.weight].length : 150, cost time : 0m 1s
2024-10-17 15:32:19,684 - fed_utils - INFO - encrypting key [conv1.bias].length : 6, cost time : 0m 0s
2024-10-17 15:32:38,798 - fed_utils - INFO - encrypting key [conv2.weight].length : 2400, cost time : 0m 19s
2024-10-17 15:32:38,948 - fed_utils - INFO - encrypting key [conv2.bias].length : 16, cost time : 0m 0s
2024-10-17 15:38:58,500 - fed_utils - INFO - encrypting key [fc1.weight].length : 48000, cost time : 6m 19s
2024-10-17 15:38:59,463 - fed_utils - INFO - encrypting key [fc1.bias].length : 120, cost time : 0m 0s
2024-10-17 15:40:19,420 - fed_utils - INFO - encrypting key [fc2.weight].length : 10080, cost time : 1m 19s
2024-10-17 15:40:20,092 - fed_utils - INFO - encrypting key [fc2.bias].length : 84, cost time : 0m 0s
2024-10-17 15:40:26,722 - fed_utils - INFO - encrypting key [fc3.weight].length : 840, cost time : 0m 6s
2024-10-17 15:40:26,802 - fed_utils - INFO - encrypting key [fc3.bias].length : 10, cost time : 0m 0s
2024-10-17 15:40:26,802 - fl_main - INFO - Server receive client_dict[f_00004] info ...
2024-10-17 15:40:26,802 - fl_main - INFO - global aggregation process ...
2024-10-17 15:40:26,802 - fed_utils - INFO - server.n_data : 60000
2024-10-17 15:40:26,802 - fed_utils - INFO - client_dict[f_00000].weight : 0.200000
2024-10-17 15:40:26,802 - fed_utils - INFO - client_dict[f_00001].weight : 0.200000
2024-10-17 15:40:26,802 - fed_utils - INFO - client_dict[f_00002].weight : 0.200000
2024-10-17 15:40:26,802 - fed_utils - INFO - client_dict[f_00003].weight : 0.200000
2024-10-17 15:40:26,802 - fed_utils - INFO - client_dict[f_00004].weight : 0.200000
2024-10-17 15:40:26,802 - fed_utils - INFO - recover secret number by clients: 722.400000
2024-10-17 15:40:26,802 - server_base - INFO - Server aggregate model with homomorphic encryption ...
2024-10-17 15:41:54,233 - fed_utils - INFO - decrypting key [conv1.weight].shape [torch.Size([6, 1, 5, 5])]
2024-10-17 15:41:54,247 - fed_utils - INFO - decrypting key [conv1.bias].shape [torch.Size([6])]
2024-10-17 15:41:59,699 - fed_utils - INFO - decrypting key [conv2.weight].shape [torch.Size([16, 6, 5, 5])]
2024-10-17 15:41:59,736 - fed_utils - INFO - decrypting key [conv2.bias].shape [torch.Size([16])]
2024-10-17 15:43:48,780 - fed_utils - INFO - decrypting key [fc1.weight].shape [torch.Size([120, 400])]
2024-10-17 15:43:49,054 - fed_utils - INFO - decrypting key [fc1.bias].shape [torch.Size([120])]
2024-10-17 15:44:11,957 - fed_utils - INFO - decrypting key [fc2.weight].shape [torch.Size([84, 120])]
2024-10-17 15:44:12,148 - fed_utils - INFO - decrypting key [fc2.bias].shape [torch.Size([84])]
2024-10-17 15:44:14,057 - fed_utils - INFO - decrypting key [fc3.weight].shape [torch.Size([10, 84])]
2024-10-17 15:44:14,080 - fed_utils - INFO - decrypting key [fc3.bias].shape [torch.Size([10])]
2024-10-17 15:44:14,113 - fl_main - INFO - global round : 9
2024-10-17 15:44:14,113 - fl_main - INFO - the random client id to test accuracy : f_00004
2024-10-17 15:44:14,113 - fl_main - INFO - ----- client id [f_00000] -----
2024-10-17 15:44:14,114 - fl_main - INFO - client_dict[f_00000] training ...
2024-10-17 15:44:14,129 - client_base - INFO - client_dict[f_00000] training epoch : 0
2024-10-17 15:44:14,960 - fl_main - INFO - client_dict[f_00000] local model encrypting ...
2024-10-17 15:44:16,143 - fed_utils - INFO - encrypting key [conv1.weight].length : 150, cost time : 0m 1s
2024-10-17 15:44:16,191 - fed_utils - INFO - encrypting key [conv1.bias].length : 6, cost time : 0m 0s
2024-10-17 15:44:35,213 - fed_utils - INFO - encrypting key [conv2.weight].length : 2400, cost time : 0m 19s
2024-10-17 15:44:35,349 - fed_utils - INFO - encrypting key [conv2.bias].length : 16, cost time : 0m 0s
2024-10-17 15:50:54,829 - fed_utils - INFO - encrypting key [fc1.weight].length : 48000, cost time : 6m 19s
2024-10-17 15:50:55,781 - fed_utils - INFO - encrypting key [fc1.bias].length : 120, cost time : 0m 0s
2024-10-17 15:52:15,507 - fed_utils - INFO - encrypting key [fc2.weight].length : 10080, cost time : 1m 19s
2024-10-17 15:52:16,175 - fed_utils - INFO - encrypting key [fc2.bias].length : 84, cost time : 0m 0s
2024-10-17 15:52:22,911 - fed_utils - INFO - encrypting key [fc3.weight].length : 840, cost time : 0m 6s
2024-10-17 15:52:22,990 - fed_utils - INFO - encrypting key [fc3.bias].length : 10, cost time : 0m 0s
2024-10-17 15:52:23,006 - fl_main - INFO - Server receive client_dict[f_00000] info ...
2024-10-17 15:52:23,006 - fl_main - INFO - ----- client id [f_00001] -----
2024-10-17 15:52:23,007 - fl_main - INFO - client_dict[f_00001] training ...
2024-10-17 15:52:23,008 - client_base - INFO - client_dict[f_00001] training epoch : 0
2024-10-17 15:52:23,813 - fl_main - INFO - client_dict[f_00001] local model encrypting ...
2024-10-17 15:52:24,997 - fed_utils - INFO - encrypting key [conv1.weight].length : 150, cost time : 0m 1s
2024-10-17 15:52:25,047 - fed_utils - INFO - encrypting key [conv1.bias].length : 6, cost time : 0m 0s
2024-10-17 15:52:44,182 - fed_utils - INFO - encrypting key [conv2.weight].length : 2400, cost time : 0m 19s
2024-10-17 15:52:44,319 - fed_utils - INFO - encrypting key [conv2.bias].length : 16, cost time : 0m 0s
2024-10-17 15:59:03,600 - fed_utils - INFO - encrypting key [fc1.weight].length : 48000, cost time : 6m 19s
2024-10-17 15:59:04,570 - fed_utils - INFO - encrypting key [fc1.bias].length : 120, cost time : 0m 0s
2024-10-17 16:00:24,026 - fed_utils - INFO - encrypting key [fc2.weight].length : 10080, cost time : 1m 19s
2024-10-17 16:00:24,694 - fed_utils - INFO - encrypting key [fc2.bias].length : 84, cost time : 0m 0s
2024-10-17 16:00:31,314 - fed_utils - INFO - encrypting key [fc3.weight].length : 840, cost time : 0m 6s
2024-10-17 16:00:31,394 - fed_utils - INFO - encrypting key [fc3.bias].length : 10, cost time : 0m 0s
2024-10-17 16:00:31,394 - fl_main - INFO - Server receive client_dict[f_00001] info ...
2024-10-17 16:00:31,394 - fl_main - INFO - ----- client id [f_00002] -----
2024-10-17 16:00:31,395 - fl_main - INFO - client_dict[f_00002] training ...
2024-10-17 16:00:31,396 - client_base - INFO - client_dict[f_00002] training epoch : 0
2024-10-17 16:00:32,213 - fl_main - INFO - client_dict[f_00002] local model encrypting ...
2024-10-17 16:00:33,397 - fed_utils - INFO - encrypting key [conv1.weight].length : 150, cost time : 0m 1s
2024-10-17 16:00:33,445 - fed_utils - INFO - encrypting key [conv1.bias].length : 6, cost time : 0m 0s
2024-10-17 16:00:52,536 - fed_utils - INFO - encrypting key [conv2.weight].length : 2400, cost time : 0m 19s
2024-10-17 16:00:52,673 - fed_utils - INFO - encrypting key [conv2.bias].length : 16, cost time : 0m 0s
2024-10-17 16:07:11,945 - fed_utils - INFO - encrypting key [fc1.weight].length : 48000, cost time : 6m 19s
2024-10-17 16:07:12,899 - fed_utils - INFO - encrypting key [fc1.bias].length : 120, cost time : 0m 0s
2024-10-17 16:08:32,464 - fed_utils - INFO - encrypting key [fc2.weight].length : 10080, cost time : 1m 19s
2024-10-17 16:08:33,137 - fed_utils - INFO - encrypting key [fc2.bias].length : 84, cost time : 0m 0s
2024-10-17 16:08:39,866 - fed_utils - INFO - encrypting key [fc3.weight].length : 840, cost time : 0m 6s
2024-10-17 16:08:39,946 - fed_utils - INFO - encrypting key [fc3.bias].length : 10, cost time : 0m 0s
2024-10-17 16:08:39,946 - fl_main - INFO - Server receive client_dict[f_00002] info ...
2024-10-17 16:08:39,946 - fl_main - INFO - ----- client id [f_00003] -----
2024-10-17 16:08:39,947 - fl_main - INFO - client_dict[f_00003] training ...
2024-10-17 16:08:39,948 - client_base - INFO - client_dict[f_00003] training epoch : 0
2024-10-17 16:08:40,764 - fl_main - INFO - client_dict[f_00003] local model encrypting ...
2024-10-17 16:08:41,949 - fed_utils - INFO - encrypting key [conv1.weight].length : 150, cost time : 0m 1s
2024-10-17 16:08:41,998 - fed_utils - INFO - encrypting key [conv1.bias].length : 6, cost time : 0m 0s
2024-10-17 16:09:00,965 - fed_utils - INFO - encrypting key [conv2.weight].length : 2400, cost time : 0m 18s
2024-10-17 16:09:01,102 - fed_utils - INFO - encrypting key [conv2.bias].length : 16, cost time : 0m 0s
2024-10-17 16:15:20,433 - fed_utils - INFO - encrypting key [fc1.weight].length : 48000, cost time : 6m 19s
2024-10-17 16:15:21,395 - fed_utils - INFO - encrypting key [fc1.bias].length : 120, cost time : 0m 0s
2024-10-17 16:16:40,993 - fed_utils - INFO - encrypting key [fc2.weight].length : 10080, cost time : 1m 19s
2024-10-17 16:16:41,662 - fed_utils - INFO - encrypting key [fc2.bias].length : 84, cost time : 0m 0s
2024-10-17 16:16:48,285 - fed_utils - INFO - encrypting key [fc3.weight].length : 840, cost time : 0m 6s
2024-10-17 16:16:48,365 - fed_utils - INFO - encrypting key [fc3.bias].length : 10, cost time : 0m 0s
2024-10-17 16:16:48,365 - fl_main - INFO - Server receive client_dict[f_00003] info ...
2024-10-17 16:16:48,365 - fl_main - INFO - ----- client id [f_00004] -----
2024-10-17 16:16:49,176 - fl_main - INFO - global round [9] client_dict[f_00004].accuracy : 0.954000
2024-10-17 16:16:49,176 - fl_main - INFO - client_dict[f_00004] training ...
2024-10-17 16:16:49,177 - client_base - INFO - client_dict[f_00004] training epoch : 0
2024-10-17 16:16:50,027 - fl_main - INFO - client_dict[f_00004] local model encrypting ...
2024-10-17 16:16:51,212 - fed_utils - INFO - encrypting key [conv1.weight].length : 150, cost time : 0m 1s
2024-10-17 16:16:51,260 - fed_utils - INFO - encrypting key [conv1.bias].length : 6, cost time : 0m 0s
2024-10-17 16:17:10,190 - fed_utils - INFO - encrypting key [conv2.weight].length : 2400, cost time : 0m 18s
2024-10-17 16:17:10,327 - fed_utils - INFO - encrypting key [conv2.bias].length : 16, cost time : 0m 0s
2024-10-17 16:23:29,720 - fed_utils - INFO - encrypting key [fc1.weight].length : 48000, cost time : 6m 19s
2024-10-17 16:23:30,680 - fed_utils - INFO - encrypting key [fc1.bias].length : 120, cost time : 0m 0s
2024-10-17 16:24:50,245 - fed_utils - INFO - encrypting key [fc2.weight].length : 10080, cost time : 1m 19s
2024-10-17 16:24:50,914 - fed_utils - INFO - encrypting key [fc2.bias].length : 84, cost time : 0m 0s
2024-10-17 16:24:57,532 - fed_utils - INFO - encrypting key [fc3.weight].length : 840, cost time : 0m 6s
2024-10-17 16:24:57,611 - fed_utils - INFO - encrypting key [fc3.bias].length : 10, cost time : 0m 0s
2024-10-17 16:24:57,611 - fl_main - INFO - Server receive client_dict[f_00004] info ...
2024-10-17 16:24:57,611 - fl_main - INFO - global aggregation process ...
2024-10-17 16:24:57,612 - fed_utils - INFO - server.n_data : 60000
2024-10-17 16:24:57,612 - fed_utils - INFO - client_dict[f_00000].weight : 0.200000
2024-10-17 16:24:57,612 - fed_utils - INFO - client_dict[f_00001].weight : 0.200000
2024-10-17 16:24:57,612 - fed_utils - INFO - client_dict[f_00002].weight : 0.200000
2024-10-17 16:24:57,612 - fed_utils - INFO - client_dict[f_00003].weight : 0.200000
2024-10-17 16:24:57,612 - fed_utils - INFO - client_dict[f_00004].weight : 0.200000
2024-10-17 16:24:57,612 - fed_utils - INFO - recover secret number by clients: 722.400000
2024-10-17 16:24:57,612 - server_base - INFO - Server aggregate model with homomorphic encryption ...
2024-10-17 16:26:25,078 - fed_utils - INFO - decrypting key [conv1.weight].shape [torch.Size([6, 1, 5, 5])]
2024-10-17 16:26:25,092 - fed_utils - INFO - decrypting key [conv1.bias].shape [torch.Size([6])]
2024-10-17 16:26:30,543 - fed_utils - INFO - decrypting key [conv2.weight].shape [torch.Size([16, 6, 5, 5])]
2024-10-17 16:26:30,580 - fed_utils - INFO - decrypting key [conv2.bias].shape [torch.Size([16])]
2024-10-17 16:28:19,681 - fed_utils - INFO - decrypting key [fc1.weight].shape [torch.Size([120, 400])]
2024-10-17 16:28:19,955 - fed_utils - INFO - decrypting key [fc1.bias].shape [torch.Size([120])]
2024-10-17 16:28:42,923 - fed_utils - INFO - decrypting key [fc2.weight].shape [torch.Size([84, 120])]
2024-10-17 16:28:43,114 - fed_utils - INFO - decrypting key [fc2.bias].shape [torch.Size([84])]
2024-10-17 16:28:45,023 - fed_utils - INFO - decrypting key [fc3.weight].shape [torch.Size([10, 84])]
2024-10-17 16:28:45,045 - fed_utils - INFO - decrypting key [fc3.bias].shape [torch.Size([10])]
2024-10-17 16:28:45,077 - fl_main - INFO - global round : 10
2024-10-17 16:28:45,078 - fl_main - INFO - the random client id to test accuracy : f_00002
2024-10-17 16:28:45,078 - fl_main - INFO - ----- client id [f_00002] -----
2024-10-17 16:28:45,887 - fl_main - INFO - global round [10] client_dict[f_00002].accuracy : 0.958900
2024-10-17 16:28:46,685 - fl_main - INFO - Final accuracy : 0.958900
